Component: ARM Compiler 5.06 update 6 (build 750) Tool: armlink [4d35ed]

==============================================================================

Section Cross References

    stm32f4xx_nucleo_144.o(i.BSP_LED_DeInit) refers to stm32f4xx_hal_gpio.o(i.HAL_GPIO_WritePin) for HAL_GPIO_WritePin
    stm32f4xx_nucleo_144.o(i.BSP_LED_DeInit) refers to stm32f4xx_hal_gpio.o(i.HAL_GPIO_DeInit) for HAL_GPIO_DeInit
    stm32f4xx_nucleo_144.o(i.BSP_LED_DeInit) refers to stm32f4xx_nucleo_144.o(.constdata) for .constdata
    stm32f4xx_nucleo_144.o(i.BSP_LED_DeInit) refers to stm32f4xx_nucleo_144.o(.data) for .data
    stm32f4xx_nucleo_144.o(i.BSP_LED_Init) refers to stm32f4xx_hal_gpio.o(i.HAL_GPIO_Init) for HAL_GPIO_Init
    stm32f4xx_nucleo_144.o(i.BSP_LED_Init) refers to stm32f4xx_hal_gpio.o(i.HAL_GPIO_WritePin) for HAL_GPIO_WritePin
    stm32f4xx_nucleo_144.o(i.BSP_LED_Init) refers to stm32f4xx_nucleo_144.o(.constdata) for .constdata
    stm32f4xx_nucleo_144.o(i.BSP_LED_Init) refers to stm32f4xx_nucleo_144.o(.data) for .data
    stm32f4xx_nucleo_144.o(i.BSP_LED_Off) refers to stm32f4xx_hal_gpio.o(i.HAL_GPIO_WritePin) for HAL_GPIO_WritePin
    stm32f4xx_nucleo_144.o(i.BSP_LED_Off) refers to stm32f4xx_nucleo_144.o(.constdata) for .constdata
    stm32f4xx_nucleo_144.o(i.BSP_LED_Off) refers to stm32f4xx_nucleo_144.o(.data) for .data
    stm32f4xx_nucleo_144.o(i.BSP_LED_On) refers to stm32f4xx_hal_gpio.o(i.HAL_GPIO_WritePin) for HAL_GPIO_WritePin
    stm32f4xx_nucleo_144.o(i.BSP_LED_On) refers to stm32f4xx_nucleo_144.o(.constdata) for .constdata
    stm32f4xx_nucleo_144.o(i.BSP_LED_On) refers to stm32f4xx_nucleo_144.o(.data) for .data
    stm32f4xx_nucleo_144.o(i.BSP_LED_Toggle) refers to stm32f4xx_hal_gpio.o(i.HAL_GPIO_TogglePin) for HAL_GPIO_TogglePin
    stm32f4xx_nucleo_144.o(i.BSP_LED_Toggle) refers to stm32f4xx_nucleo_144.o(.constdata) for .constdata
    stm32f4xx_nucleo_144.o(i.BSP_LED_Toggle) refers to stm32f4xx_nucleo_144.o(.data) for .data
    stm32f4xx_nucleo_144.o(i.BSP_PB_DeInit) refers to stm32f4xx_hal_cortex.o(i.HAL_NVIC_DisableIRQ) for HAL_NVIC_DisableIRQ
    stm32f4xx_nucleo_144.o(i.BSP_PB_DeInit) refers to stm32f4xx_hal_gpio.o(i.HAL_GPIO_DeInit) for HAL_GPIO_DeInit
    stm32f4xx_nucleo_144.o(i.BSP_PB_DeInit) refers to stm32f4xx_nucleo_144.o(.constdata) for .constdata
    stm32f4xx_nucleo_144.o(i.BSP_PB_DeInit) refers to stm32f4xx_nucleo_144.o(.data) for .data
    stm32f4xx_nucleo_144.o(i.BSP_PB_GetState) refers to stm32f4xx_hal_gpio.o(i.HAL_GPIO_ReadPin) for HAL_GPIO_ReadPin
    stm32f4xx_nucleo_144.o(i.BSP_PB_GetState) refers to stm32f4xx_nucleo_144.o(.constdata) for .constdata
    stm32f4xx_nucleo_144.o(i.BSP_PB_GetState) refers to stm32f4xx_nucleo_144.o(.data) for .data
    stm32f4xx_nucleo_144.o(i.BSP_PB_Init) refers to stm32f4xx_hal_gpio.o(i.HAL_GPIO_Init) for HAL_GPIO_Init
    stm32f4xx_nucleo_144.o(i.BSP_PB_Init) refers to stm32f4xx_hal_cortex.o(i.HAL_NVIC_SetPriority) for HAL_NVIC_SetPriority
    stm32f4xx_nucleo_144.o(i.BSP_PB_Init) refers to stm32f4xx_hal_cortex.o(i.HAL_NVIC_EnableIRQ) for HAL_NVIC_EnableIRQ
    stm32f4xx_nucleo_144.o(i.BSP_PB_Init) refers to stm32f4xx_nucleo_144.o(.constdata) for .constdata
    stm32f4xx_nucleo_144.o(i.BSP_PB_Init) refers to stm32f4xx_nucleo_144.o(.data) for .data
    system_stm32f4xx.o(i.SystemCoreClockUpdate) refers to system_stm32f4xx.o(.data) for .data
    system_stm32f4xx.o(i.SystemCoreClockUpdate) refers to system_stm32f4xx.o(.constdata) for .constdata
    stm32f4xx_hal_cortex.o(i.HAL_NVIC_SetPriority) refers to stm32f4xx_hal_cortex.o(i.NVIC_SetPriority) for NVIC_SetPriority
    stm32f4xx_hal_cortex.o(i.HAL_SYSTICK_Config) refers to stm32f4xx_hal_cortex.o(i.NVIC_SetPriority) for NVIC_SetPriority
    stm32f4xx_hal_cortex.o(i.HAL_SYSTICK_IRQHandler) refers to stm32f4xx_hal_cortex.o(i.HAL_SYSTICK_Callback) for HAL_SYSTICK_Callback
    stm32f4xx_hal.o(i.HAL_DeInit) refers to stm32f4xx_hal.o(i.HAL_MspDeInit) for HAL_MspDeInit
    stm32f4xx_hal.o(i.HAL_Delay) refers to stm32f4xx_hal.o(i.HAL_GetTick) for HAL_GetTick
    stm32f4xx_hal.o(i.HAL_Delay) refers to stm32f4xx_hal.o(.data) for .data
    stm32f4xx_hal.o(i.HAL_GetTick) refers to stm32f4xx_hal.o(.data) for .data
    stm32f4xx_hal.o(i.HAL_GetTickFreq) refers to stm32f4xx_hal.o(.data) for .data
    stm32f4xx_hal.o(i.HAL_GetTickPrio) refers to stm32f4xx_hal.o(.data) for .data
    stm32f4xx_hal.o(i.HAL_IncTick) refers to stm32f4xx_hal.o(.data) for .data
    stm32f4xx_hal.o(i.HAL_Init) refers to stm32f4xx_hal_cortex.o(i.HAL_NVIC_SetPriorityGrouping) for HAL_NVIC_SetPriorityGrouping
    stm32f4xx_hal.o(i.HAL_Init) refers to stm32f4xx_hal.o(i.HAL_InitTick) for HAL_InitTick
    stm32f4xx_hal.o(i.HAL_Init) refers to stm32f4xx_hal.o(i.HAL_MspInit) for HAL_MspInit
    stm32f4xx_hal.o(i.HAL_InitTick) refers to stm32f4xx_hal_cortex.o(i.HAL_SYSTICK_Config) for HAL_SYSTICK_Config
    stm32f4xx_hal.o(i.HAL_InitTick) refers to stm32f4xx_hal_cortex.o(i.HAL_NVIC_SetPriority) for HAL_NVIC_SetPriority
[...]
    Removing stm32f4xx_ll_sdmmc.o(i.SDMMC_CmdSDEraseEndAdd), (50 bytes).
    Removing stm32f4xx_ll_sdmmc.o(i.SDMMC_CmdSDEraseStartAdd), (50 bytes).
    Removing stm32f4xx_ll_sdmmc.o(i.SDMMC_CmdStatusRegister), (48 bytes).
    Removing stm32f4xx_ll_sdmmc.o(i.SDMMC_CmdSwitch), (50 bytes).
    Removing stm32f4xx_it.o(.rev16_text), (4 bytes).
    Removing stm32f4xx_it.o(.revsh_text), (4 bytes).
    Removing stm32f4xx_it.o(.rrx_text), (6 bytes).
    Removing stm32f4xx_hal_msp.o(.rev16_text), (4 bytes).
    Removing stm32f4xx_hal_msp.o(.revsh_text), (4 bytes).
    Removing stm32f4xx_hal_msp.o(.rrx_text), (6 bytes).
    Removing stm32f4xx_hal_msp.o(i.HAL_UART_MspDeInit), (52 bytes).
    Removing main.o(.rev16_text), (4 bytes).
    Removing main.o(.revsh_text), (4 bytes).
    Removing main.o(.rrx_text), (6 bytes).
    Removing bsp_driver_sd.o(.rev16_text), (4 bytes).
    Removing bsp_driver_sd.o(.revsh_text), (4 bytes).
    Removing bsp_driver_sd.o(.rrx_text), (6 bytes).
    Removing bsp_driver_sd.o(i.BSP_SD_AbortCallback), (2 bytes).
    Removing bsp_driver_sd.o(i.BSP_SD_DMA_Rx_IRQHandler), (12 bytes).
    Removing bsp_driver_sd.o(i.BSP_SD_DMA_Tx_IRQHandler), (12 bytes).
    Removing bsp_driver_sd.o(i.BSP_SD_DetectCallback), (2 bytes).
    Removing bsp_driver_sd.o(i.BSP_SD_DetectIT), (2 bytes).
    Removing bsp_driver_sd.o(i.BSP_SD_Erase), (28 bytes).
    Removing bsp_driver_sd.o(i.BSP_SD_IRQHandler), (12 bytes).
    Removing bsp_driver_sd.o(i.BSP_SD_ITConfig), (4 bytes).
    Removing bsp_driver_sd.o(i.BSP_SD_IsDetected), (14 bytes).
    Removing bsp_driver_sd.o(i.BSP_SD_ReadBlocks_DMA), (28 bytes).
    Removing bsp_driver_sd.o(i.BSP_SD_ReadCpltCallback), (2 bytes).
    Removing bsp_driver_sd.o(i.BSP_SD_WriteBlocks_DMA), (28 bytes).
    Removing bsp_driver_sd.o(i.BSP_SD_WriteCpltCallback), (2 bytes).
    Removing bsp_driver_sd.o(i.HAL_SD_AbortCallback), (8 bytes).
    Removing bsp_driver_sd.o(i.HAL_SD_RxCpltCallback), (8 bytes).
    Removing bsp_driver_sd.o(i.HAL_SD_TxCpltCallback), (8 bytes).
    Removing fatfs.o(.rev16_text), (4 bytes).
    Removing fatfs.o(.revsh_text), (4 bytes).
    Removing fatfs.o(.rrx_text), (6 bytes).
    Removing sd_diskio.o(.rev16_text), (4 bytes).
    Removing sd_diskio.o(.revsh_text), (4 bytes).
    Removing sd_diskio.o(.rrx_text), (6 bytes).
    Removing startup_stm32f429xx.o(HEAP), (512 bytes).
    Removing diskio.o(.rev16_text), (4 bytes).
    Removing diskio.o(.revsh_text), (4 bytes).
    Removing diskio.o(.rrx_text), (6 bytes).
    Removing diskio.o(i.get_fattime), (4 bytes).
    Removing ff.o(.rev16_text), (4 bytes).
    Removing ff.o(.revsh_text), (4 bytes).
    Removing ff.o(.rrx_text), (6 bytes).
    Removing ff.o(i.dir_read), (96 bytes).
    Removing ff.o(i.dir_remove), (30 bytes).
    Removing ff.o(i.f_closedir), (34 bytes).
    Removing ff.o(i.f_getfree), (212 bytes).
    Removing ff.o(i.f_gets), (72 bytes).
    Removing ff.o(i.f_mkdir), (336 bytes).
    Removing ff.o(i.f_mkfs), (1356 bytes).
    Removing ff.o(i.f_opendir), (130 bytes).
    Removing ff.o(i.f_printf), (460 bytes).
    Removing ff.o(i.f_putc), (30 bytes).
    Removing ff.o(i.f_puts), (38 bytes).
    Removing ff.o(i.f_readdir), (64 bytes).
    Removing ff.o(i.f_rename), (258 bytes).
    Removing ff.o(i.f_stat), (60 bytes).
    Removing ff.o(i.f_truncate), (162 bytes).
    Removing ff.o(i.f_unlink), (158 bytes).
    Removing ff.o(i.f_write), (398 bytes).
    Removing ff.o(i.get_fileinfo), (98 bytes).
    Removing ff.o(i.putc_bfd), (70 bytes).
    Removing ff.o(i.putc_flush), (42 bytes).
    Removing ff_gen_drv.o(.rev16_text), (4 bytes).
    Removing ff_gen_drv.o(.revsh_text), (4 bytes).
    Removing ff_gen_drv.o(.rrx_text), (6 bytes).
    Removing ff_gen_drv.o(i.FATFS_GetAttachedDriversNbr), (12 bytes).
    Removing ff_gen_drv.o(i.FATFS_UnLinkDriver), (6 bytes).
    Removing ff_gen_drv.o(i.FATFS_UnLinkDriverEx), (52 bytes).
    Removing syscall.o(.rev16_text), (4 bytes).
    Removing syscall.o(.revsh_text), (4 bytes).
    Removing syscall.o(.rrx_text), (6 bytes).
    Removing dadd.o(.text), (334 bytes).
    Removing dmul.o(.text), (228 bytes).
    Removing ddiv.o(.text), (222 bytes).
    Removing dfixul.o(.text), (48 bytes).
    Removing cdrcmple.o(.text), (48 bytes).
    Removing depilogue.o(.text), (186 bytes).

312 unused section(s) (total 18310 bytes) removed from the image.

==============================================================================

Image Symbol Table

    Local Symbols

    Symbol Name                              Value     Ov Type        Size  Object(Section)

    ../../../../../../Drivers/BSP/STM32F4xx_Nucleo_144/stm32f4xx_nucleo_144.c 0x00000000   Number         0  stm32f4xx_nucleo_144.o ABSOLUTE
    ../../../../../../Drivers/STM32F4xx_HAL_Driver/Src/stm32f4xx_hal.c 0x00000000   Number         0  stm32f4xx_hal.o ABSOLUTE
    ../../../../../../Drivers/STM32F4xx_HAL_Driver/Src/stm32f4xx_hal_cortex.c 0x00000000   Number         0  stm32f4xx_hal_cortex.o ABSOLUTE
    ../../../../../../Drivers/STM32F4xx_HAL_Driver/Src/stm32f4xx_hal_dma.c 0x00000000   Number         0  stm32f4xx_hal_dma.o ABSOLUTE
    ../../../../../../Drivers/STM32F4xx_HAL_Driver/Src/stm32f4xx_hal_gpio.c 0x00000000   Number         0  stm32f4xx_hal_gpio.o ABSOLUTE
    ../../../../../../Drivers/STM32F4xx_HAL_Driver/Src/stm32f4xx_hal_pwr_ex.c 0x00000000   Number         0  stm32f4xx_hal_pwr_ex.o ABSOLUTE
    ../../../../../../Drivers/STM32F4xx_HAL_Driver/Src/stm32f4xx_hal_rcc.c 0x00000000   Number         0  stm32f4xx_hal_rcc.o ABSOLUTE
    ../../../../../../Drivers/STM32F4xx_HAL_Driver/Src/stm32f4xx_hal_uart.c 0x00000000   Number         0  stm32f4xx_hal_uart.o ABSOLUTE
    ../Src/main.c                            0x00000000   Number         0  main.o ABSOLUTE
    ../Src/stm32f4xx_hal_msp.c               0x00000000   Number         0  stm32f4xx_hal_msp.o ABSOLUTE
    ../Src/stm32f4xx_it.c                    0x00000000   Number         0  stm32f4xx_it.o ABSOLUTE
    ../Src/system_stm32f4xx.c                0x00000000   Number         0  system_stm32f4xx.o ABSOLUTE
    ../clib/microlib/division.c              0x00000000   Number         0  uidiv.o ABSOLUTE
    ../clib/microlib/division.c              0x00000000   Number         0  uldiv.o ABSOLUTE
    ../clib/microlib/init/entry.s            0x00000000   Number         0  entry10a.o ABSOLUTE
    ../clib/microlib/init/entry.s            0x00000000   Number         0  entry8a.o ABSOLUTE
    ../clib/microlib/init/entry.s            0x00000000   Number         0  entry7b.o ABSOLUTE
    ../clib/microlib/init/entry.s            0x00000000   Number         0  entry2.o ABSOLUTE
    ../clib/microlib/init/entry.s            0x00000000   Number         0  entry10b.o ABSOLUTE
    ../clib/microlib/init/entry.s            0x00000000   Number         0  entry7a.o ABSOLUTE
    ../clib/microlib/init/entry.s            0x00000000   Number         0  entry5.o ABSOLUTE
    ../clib/microlib/init/entry.s            0x00000000   Number         0  entry11a.o ABSOLUTE
    ../clib/microlib/init/entry.s            0x00000000   Number         0  entry11b.o ABSOLUTE
    ../clib/microlib/init/entry.s            0x00000000   Number         0  entry9a.o ABSOLUTE
    ../clib/microlib/init/entry.s            0x00000000   Number         0  entry.o ABSOLUTE
    ../clib/microlib/init/entry.s            0x00000000   Number         0  entry8b.o ABSOLUTE
    ../clib/microlib/init/entry.s            0x00000000   Number         0  entry9b.o ABSOLUTE
    ../clib/microlib/longlong.c              0x00000000   Number         0  llshl.o ABSOLUTE
    ../clib/microlib/longlong.c              0x00000000   Number         0  llushr.o ABSOLUTE
    ../clib/microlib/longlong.c              0x00000000   Number         0  llsshr.o ABSOLUTE
    ../clib/microlib/printf/printf.c         0x00000000   Number         0  printf1.o ABSOLUTE
    ../clib/microlib/printf/printf.c         0x00000000   Number         0  printf0.o ABSOLUTE
    ../clib/microlib/printf/printf.c         0x00000000   Number         0  printfb.o ABSOLUTE
    ../clib/microlib/printf/printf.c         0x00000000   Number         0  printf7.o ABSOLUTE
    ../clib/microlib/printf/printf.c         0x00000000   Number         0  printfa.o ABSOLUTE
    ../clib/microlib/printf/printf.c         0x00000000   Number         0  printf6.o ABSOLUTE
    ../clib/microlib/printf/printf.c         0x00000000   Number         0  printf5.o ABSOLUTE
    ../clib/microlib/printf/printf.c         0x00000000   Number         0  printf4.o ABSOLUTE
    ../clib/microlib/printf/printf.c         0x00000000   Number         0  printf3.o ABSOLUTE
    ../clib/microlib/printf/printf.c         0x00000000   Number         0  printf2.o ABSOLUTE
    ../clib/microlib/printf/printf.c         0x00000000   Number         0  printf8.o ABSOLUTE
    ../clib/microlib/stdio/streams.c         0x00000000   Number         0  stdout.o ABSOLUTE
    ../clib/microlib/stubs.s                 0x00000000   Number         0  iusefp.o ABSOLUTE
    ../fplib/microlib/fpadd.c                0x00000000   Number         0  dadd.o ABSOLUTE
    ../fplib/microlib/fpdiv.c                0x00000000   Number         0  ddiv.o ABSOLUTE
    ../fplib/microlib/fpepilogue.c           0x00000000   Number         0  depilogue.o ABSOLUTE
    ../fplib/microlib/fpfix.c                0x00000000   Number         0  dfixul.o ABSOLUTE
    ../fplib/microlib/fpmul.c                0x00000000   Number         0  dmul.o ABSOLUTE
    ..\..\..\..\..\..\Drivers\BSP\STM32F4xx_Nucleo_144\stm32f4xx_nucleo_144.c 0x00000000   Number         0  stm32f4xx_nucleo_144.o ABSOLUTE
    ..\..\..\..\..\..\Drivers\STM32F4xx_HAL_Driver\Src\stm32f4xx_hal.c 0x00000000   Number         0  stm32f4xx_hal.o ABSOLUTE
    ..\..\..\..\..\..\Drivers\STM32F4xx_HAL_Driver\Src\stm32f4xx_hal_cortex.c 0x00000000   Number         0  stm32f4xx_hal_cortex.o ABSOLUTE
    ..\..\..\..\..\..\Drivers\STM32F4xx_HAL_Driver\Src\stm32f4xx_hal_dma.c 0x00000000   Number         0  stm32f4xx_hal_dma.o ABSOLUTE
    ..\..\..\..\..\..\Drivers\STM32F4xx_HAL_Driver\Src\stm32f4xx_hal_flash.c 0x00000000   Number         0  stm32f4xx_hal_flash.o ABSOLUTE
    ..\..\..\..\..\..\Drivers\STM32F4xx_HAL_Driver\Src\stm32f4xx_hal_flash_ex.c 0x00000000   Number         0  stm32f4xx_hal_flash_ex.o ABSOLUTE
    ..\..\..\..\..\..\Drivers\STM32F4xx_HAL_Driver\Src\stm32f4xx_hal_gpio.c 0x00000000   Number         0  stm32f4xx_hal_gpio.o ABSOLUTE
    ..\..\..\..\..\..\Drivers\STM32F4xx_HAL_Driver\Src\stm32f4xx_hal_pwr_ex.c 0x00000000   Number         0  stm32f4xx_hal_pwr_ex.o ABSOLUTE
    ..\..\..\..\..\..\Drivers\STM32F4xx_HAL_Driver\Src\stm32f4xx_hal_rcc.c 0x00000000   Number         0  stm32f4xx_hal_rcc.o ABSOLUTE
    ..\..\..\..\..\..\Drivers\STM32F4xx_HAL_Driver\Src\stm32f4xx_hal_sd.c 0x00000000   Number         0  stm32f4xx_hal_sd.o ABSOLUTE
    ..\..\..\..\..\..\Drivers\STM32F4xx_HAL_Driver\Src\stm32f4xx_hal_uart.c 0x00000000   Number         0  stm32f4xx_hal_uart.o ABSOLUTE
    ..\..\..\..\..\..\Drivers\STM32F4xx_HAL_Driver\Src\stm32f4xx_hal_usart.c 0x00000000   Number         0  stm32f4xx_hal_usart.o ABSOLUTE
    ..\..\..\..\..\..\Drivers\STM32F4xx_HAL_Driver\Src\stm32f4xx_ll_sdmmc.c 0x00000000   Number         0  stm32f4xx_ll_sdmmc.o ABSOLUTE
    ..\..\..\..\..\..\Middlewares\Third_Party\FatFs_f4\src\diskio.c 0x00000000   Number         0  diskio.o ABSOLUTE
    ..\..\..\..\..\..\Middlewares\Third_Party\FatFs_f4\src\ff.c 0x00000000   Number         0  ff.o ABSOLUTE
    ..\..\..\..\..\..\Middlewares\Third_Party\FatFs_f4\src\ff_gen_drv.c 0x00000000   Number         0  ff_gen_drv.o ABSOLUTE
    ..\..\..\..\..\..\Middlewares\Third_Party\FatFs_f4\src\option\syscall.c 0x00000000   Number         0  syscall.o ABSOLUTE
    ..\Src\bsp_driver_sd.c                   0x00000000   Number         0  bsp_driver_sd.o ABSOLUTE
    ..\Src\fatfs.c                           0x00000000   Number         0  fatfs.o ABSOLUTE
    ..\Src\main.c                            0x00000000   Number         0  main.o ABSOLUTE
    ..\Src\sd_diskio.c                       0x00000000   Number         0  sd_diskio.o ABSOLUTE
    ..\Src\stm32f4xx_hal_msp.c               0x00000000   Number         0  stm32f4xx_hal_msp.o ABSOLUTE
    ..\Src\stm32f4xx_it.c                    0x00000000   Number         0  stm32f4xx_it.o ABSOLUTE
    ..\Src\system_stm32f4xx.c                0x00000000   Number         0  system_stm32f4xx.o ABSOLUTE
    ..\\..\\..\\..\\..\\..\\Drivers\\STM32F4xx_HAL_Driver\\Src\\stm32f4xx_hal_flash.c 0x00000000   Number         0  stm32f4xx_hal_flash.o ABSOLUTE
    ..\\..\\..\\..\\..\\..\\Drivers\\STM32F4xx_HAL_Driver\\Src\\stm32f4xx_hal_flash_ex.c 0x00000000   Number         0  stm32f4xx_hal_flash_ex.o ABSOLUTE
    ..\\..\\..\\..\\..\\..\\Drivers\\STM32F4xx_HAL_Driver\\Src\\stm32f4xx_hal_sd.c 0x00000000   Number         0  stm32f4xx_hal_sd.o ABSOLUTE
    ..\\..\\..\\..\\..\\..\\Drivers\\STM32F4xx_HAL_Driver\\Src\\stm32f4xx_hal_usart.c 0x00000000   Number         0  stm32f4xx_hal_usart.o ABSOLUTE
    ..\\..\\..\\..\\..\\..\\Drivers\\STM32F4xx_HAL_Driver\\Src\\stm32f4xx_ll_sdmmc.c 0x00000000   Number         0  stm32f4xx_ll_sdmmc.o ABSOLUTE
    ..\\..\\..\\..\\..\\..\\Middlewares\\Third_Party\\FatFs_f4\\src\\diskio.c 0x00000000   Number         0  diskio.o ABSOLUTE
    ..\\..\\..\\..\\..\\..\\Middlewares\\Third_Party\\FatFs_f4\\src\\ff.c 0x00000000   Number         0  ff.o ABSOLUTE
    ..\\..\\..\\..\\..\\..\\Middlewares\\Third_Party\\FatFs_f4\\src\\ff_gen_drv.c 0x00000000   Number         0  ff_gen_drv.o ABSOLUTE
    ..\\..\\..\\..\\..\\..\\Middlewares\\Third_Party\\FatFs_f4\\src\\option\\syscall.c 0x00000000   Number         0  syscall.o ABSOLUTE
    ..\\Src\\bsp_driver_sd.c                 0x00000000   Number         0  bsp_driver_sd.o ABSOLUTE
    ..\\Src\\fatfs.c                         0x00000000   Number         0  fatfs.o ABSOLUTE
    ..\\Src\\sd_diskio.c                     0x00000000   Number         0  sd_diskio.o ABSOLUTE
    cdrcmple.s                               0x00000000   Number         0  cdrcmple.o ABSOLUTE
    dc.s                                     0x00000000   Number         0  dc.o ABSOLUTE
    handlers.s                               0x00000000   Number         0  handlers.o ABSOLUTE
    init.s                                   0x00000000   Number         0  init.o ABSOLUTE
    startup_stm32f429xx.s                    0x00000000   Number         0  startup_stm32f429xx.o ABSOLUTE
    RESET                                    0x08000000   Section      428  startup_stm32f429xx.o(RESET)
    .ARM.Collect$$$$00000000                 0x080001ac   Section        0  entry.o(.ARM.Collect$$$$00000000)
    .ARM.Collect$$$$00000001                 0x080001ac   Section        4  entry2.o(.ARM.Collect$$$$00000001)
    .ARM.Collect$$$$00000004                 0x080001b0   Section        4  entry5.o(.ARM.Collect$$$$00000004)
    .ARM.Collect$$$$00000008                 0x080001b4   Section        0  entry7b.o(.ARM.Collect$$$$00000008)
    .ARM.Collect$$$$0000000A                 0x080001b4   Section        0  entry8b.o(.ARM.Collect$$$$0000000A)
    .ARM.Collect$$$$0000000B                 0x080001b4   Section        8  entry9a.o(.ARM.Collect$$$$0000000B)
    .ARM.Collect$$$$0000000D                 0x080001bc   Section        0  entry10a.o(.ARM.Collect$$$$0000000D)
    .ARM.Collect$$$$0000000F                 0x080001bc   Section        0  entry11a.o(.ARM.Collect$$$$0000000F)
    .ARM.Collect$$$$00002712                 0x080001bc   Section        4  entry2.o(.ARM.Collect$$$$00002712)
    __lit__00000000                          0x080001bc   Data           4  entry2.o(.ARM.Collect$$$$00002712)
    .text                                    0x080001c0   Section       36  startup_stm32f429xx.o(.text)
    $v0                                      0x080001c0   Number         0  startup_stm32f429xx.o(.text)
    .text                                    0x080001e4   Section        0  uldiv.o(.text)
    .text                                    0x08000246   Section        0  llshl.o(.text)
    .text                                    0x08000264   Section        0  llushr.o(.text)
    .text                                    0x08000284   Section       36  init.o(.text)
    i.BSP_SD_GetCardInfo                     0x080002a8   Section        0  bsp_driver_sd.o(i.BSP_SD_GetCardInfo)
    i.BSP_SD_GetCardState                    0x080002b4   Section        0  bsp_driver_sd.o(i.BSP_SD_GetCardState)
    i.BSP_SD_Init                            0x080002cc   Section        0  bsp_driver_sd.o(i.BSP_SD_Init)
    i.BSP_SD_ReadBlocks                      0x08000300   Section        0  bsp_driver_sd.o(i.BSP_SD_ReadBlocks)
    i.BSP_SD_WriteBlocks                     0x08000320   Section        0  bsp_driver_sd.o(i.BSP_SD_WriteBlocks)
    i.BusFault_Handler                       0x08000340   Section        0  stm32f4xx_it.o(i.BusFault_Handler)
    i.DebugMon_Handler                       0x08000342   Section        0  stm32f4xx_it.o(i.DebugMon_Handler)
    i.FATFS_LinkDriver                       0x08000344   Section        0  ff_gen_drv.o(i.FATFS_LinkDriver)
    i.FATFS_LinkDriverEx                     0x0800034c   Section        0  ff_gen_drv.o(i.FATFS_LinkDriverEx)
    i.FLASH_Erase_Sector                     0x0800038c   Section        0  stm32f4xx_hal_flash_ex.o(i.FLASH_Erase_Sector)
    i.FLASH_FlushCaches                      0x080003e0   Section        0  stm32f4xx_hal_flash_ex.o(i.FLASH_FlushCaches)
    i.FLASH_MassErase                        0x08000434   Section        0  stm32f4xx_hal_flash_ex.o(i.FLASH_MassErase)
    FLASH_MassErase                          0x08000435   Thumb Code    58  stm32f4xx_hal_flash_ex.o(i.FLASH_MassErase)
    i.FLASH_Program_Byte                     0x08000474   Section        0  stm32f4xx_hal_flash.o(i.FLASH_Program_Byte)
    FLASH_Program_Byte                       0x08000475   Thumb Code    26  stm32f4xx_hal_flash.o(i.FLASH_Program_Byte)
    i.FLASH_Program_DoubleWord               0x08000494   Section        0  stm32f4xx_hal_flash.o(i.FLASH_Program_DoubleWord)
    FLASH_Program_DoubleWord                 0x08000495   Thumb Code    34  stm32f4xx_hal_flash.o(i.FLASH_Program_DoubleWord)
    i.FLASH_Program_HalfWord                 0x080004bc   Section        0  stm32f4xx_hal_flash.o(i.FLASH_Program_HalfWord)
    FLASH_Program_HalfWord                   0x080004bd   Thumb Code    30  stm32f4xx_hal_flash.o(i.FLASH_Program_HalfWord)
    i.FLASH_Program_Word                     0x080004e0   Section        0  stm32f4xx_hal_flash.o(i.FLASH_Program_Word)
    FLASH_Program_Word                       0x080004e1   Thumb Code    30  stm32f4xx_hal_flash.o(i.FLASH_Program_Word)
    i.FLASH_SetErrorCode                     0x08000504   Section        0  stm32f4xx_hal_flash.o(i.FLASH_SetErrorCode)
    FLASH_SetErrorCode                       0x08000505   Thumb Code   116  stm32f4xx_hal_flash.o(i.FLASH_SetErrorCode)
    i.FLASH_WaitForLastOperation             0x08000580   Section        0  stm32f4xx_hal_flash.o(i.FLASH_WaitForLastOperation)
    i.GetSector                              0x080005d0   Section        0  main.o(i.GetSector)
    GetSector                                0x080005d1   Thumb Code   294  main.o(i.GetSector)
    i.GetSectorSize                          0x0800074c   Section        0  main.o(i.GetSectorSize)
    GetSectorSize                            0x0800074d   Thumb Code    56  main.o(i.GetSectorSize)
    i.HAL_Delay                              0x08000784   Section        0  stm32f4xx_hal.o(i.HAL_Delay)
    i.HAL_FLASHEx_Erase                      0x080007a8   Section        0  stm32f4xx_hal_flash_ex.o(i.HAL_FLASHEx_Erase)
    i.HAL_FLASH_Lock                         0x08000844   Section        0  stm32f4xx_hal_flash.o(i.HAL_FLASH_Lock)
    i.HAL_FLASH_Program                      0x08000858   Section        0  stm32f4xx_hal_flash.o(i.HAL_FLASH_Program)
    i.HAL_FLASH_Unlock                       0x080008d4   Section        0  stm32f4xx_hal_flash.o(i.HAL_FLASH_Unlock)
    i.HAL_GPIO_Init                          0x08000900   Section        0  stm32f4xx_hal_gpio.o(i.HAL_GPIO_Init)
    i.HAL_GPIO_ReadPin                       0x08000acc   Section        0  stm32f4xx_hal_gpio.o(i.HAL_GPIO_ReadPin)
    i.HAL_GetTick                            0x08000ad8   Section        0  stm32f4xx_hal.o(i.HAL_GetTick)
    i.HAL_IncTick                            0x08000ae4   Section        0  stm32f4xx_hal.o(i.HAL_IncTick)
    i.HAL_Init                               0x08000af4   Section        0  stm32f4xx_hal.o(i.HAL_Init)
    i.HAL_InitTick                           0x08000b20   Section        0  stm32f4xx_hal.o(i.HAL_InitTick)
    i.HAL_MspInit                            0x08000b60   Section        0  stm32f4xx_hal.o(i.HAL_MspInit)
    i.HAL_NVIC_SetPriority                   0x08000b64   Section        0  stm32f4xx_hal_cortex.o(i.HAL_NVIC_SetPriority)
    i.HAL_NVIC_SetPriorityGrouping           0x08000ba4   Section        0  stm32f4xx_hal_cortex.o(i.HAL_NVIC_SetPriorityGrouping)
    i.HAL_PWREx_EnableOverDrive              0x08000bc8   Section        0  stm32f4xx_hal_pwr_ex.o(i.HAL_PWREx_EnableOverDrive)
    i.HAL_RCC_ClockConfig                    0x08000c38   Section        0  stm32f4xx_hal_rcc.o(i.HAL_RCC_ClockConfig)
    i.HAL_RCC_GetPCLK1Freq                   0x08000d68   Section        0  stm32f4xx_hal_rcc.o(i.HAL_RCC_GetPCLK1Freq)
    i.HAL_RCC_GetPCLK2Freq                   0x08000d88   Section        0  stm32f4xx_hal_rcc.o(i.HAL_RCC_GetPCLK2Freq)
    i.HAL_RCC_GetSysClockFreq                0x08000da8   Section        0  stm32f4xx_hal_rcc.o(i.HAL_RCC_GetSysClockFreq)
    i.HAL_RCC_OscConfig                      0x08000e08   Section        0  stm32f4xx_hal_rcc.o(i.HAL_RCC_OscConfig)
    i.HAL_SD_ConfigWideBusOperation          0x08001124   Section        0  stm32f4xx_hal_sd.o(i.HAL_SD_ConfigWideBusOperation)
    i.HAL_SD_GetCardCSD                      0x0800119c   Section        0  stm32f4xx_hal_sd.o(i.HAL_SD_GetCardCSD)
    i.HAL_SD_GetCardInfo                     0x08001376   Section        0  stm32f4xx_hal_sd.o(i.HAL_SD_GetCardInfo)
    i.HAL_SD_GetCardState                    0x0800139a   Section        0  stm32f4xx_hal_sd.o(i.HAL_SD_GetCardState)
    i.HAL_SD_Init                            0x080013c6   Section        0  stm32f4xx_hal_sd.o(i.HAL_SD_Init)
    i.HAL_SD_InitCard                        0x080013fc   Section        0  stm32f4xx_hal_sd.o(i.HAL_SD_InitCard)
    i.HAL_SD_MspInit                         0x08001450   Section        0  stm32f4xx_hal_sd.o(i.HAL_SD_MspInit)
    i.HAL_SD_ReadBlocks                      0x08001454   Section        0  stm32f4xx_hal_sd.o(i.HAL_SD_ReadBlocks)
    i.HAL_SD_WriteBlocks                     0x08001608   Section        0  stm32f4xx_hal_sd.o(i.HAL_SD_WriteBlocks)
    i.HAL_SYSTICK_Config                     0x080017a2   Section        0  stm32f4xx_hal_cortex.o(i.HAL_SYSTICK_Config)
    i.HAL_UART_Init                          0x080017ca   Section        0  stm32f4xx_hal_uart.o(i.HAL_UART_Init)
    i.HAL_UART_MspInit                       0x0800182c   Section        0  stm32f4xx_hal_msp.o(i.HAL_UART_MspInit)
    i.HAL_UART_Transmit                      0x080018a0   Section        0  stm32f4xx_hal_uart.o(i.HAL_UART_Transmit)
    i.HardFault_Handler                      0x0800195a   Section        0  stm32f4xx_it.o(i.HardFault_Handler)
    i.MX_FATFS_Init                          0x0800195c   Section        0  fatfs.o(i.MX_FATFS_Init)
    i.MemManage_Handler                      0x08001978   Section        0  stm32f4xx_it.o(i.MemManage_Handler)
    i.NMI_Handler                            0x0800197a   Section        0  stm32f4xx_it.o(i.NMI_Handler)
    i.NVIC_SetPriority                       0x0800197c   Section        0  stm32f4xx_hal_cortex.o(i.NVIC_SetPriority)
    NVIC_SetPriority                         0x0800197d   Thumb Code    32  stm32f4xx_hal_cortex.o(i.NVIC_SetPriority)
    i.PendSV_Handler                         0x0800199c   Section        0  stm32f4xx_it.o(i.PendSV_Handler)
    i.SDIO_ConfigData                        0x0800199e   Section        0  stm32f4xx_ll_sdmmc.o(i.SDIO_ConfigData)
    i.SDIO_GetPowerState                     0x080019c2   Section        0  stm32f4xx_ll_sdmmc.o(i.SDIO_GetPowerState)
    i.SDIO_GetResponse                       0x080019ca   Section        0  stm32f4xx_ll_sdmmc.o(i.SDIO_GetResponse)
    i.SDIO_Init                              0x080019d6   Section        0  stm32f4xx_ll_sdmmc.o(i.SDIO_Init)
    i.SDIO_PowerState_ON                     0x080019fa   Section        0  stm32f4xx_ll_sdmmc.o(i.SDIO_PowerState_ON)
    i.SDIO_ReadFIFO                          0x08001a02   Section        0  stm32f4xx_ll_sdmmc.o(i.SDIO_ReadFIFO)
    i.SDIO_SendCommand                       0x08001a08   Section        0  stm32f4xx_ll_sdmmc.o(i.SDIO_SendCommand)
    i.SDIO_WriteFIFO                         0x08001a28   Section        0  stm32f4xx_ll_sdmmc.o(i.SDIO_WriteFIFO)
    i.SDMMC_CmdAppCommand                    0x08001a32   Section        0  stm32f4xx_ll_sdmmc.o(i.SDMMC_CmdAppCommand)
    i.SDMMC_CmdAppOperCommand                0x08001a64   Section        0  stm32f4xx_ll_sdmmc.o(i.SDMMC_CmdAppOperCommand)
    i.SDMMC_CmdBlockLength                   0x08001a98   Section        0  stm32f4xx_ll_sdmmc.o(i.SDMMC_CmdBlockLength)
    i.SDMMC_CmdBusWidth                      0x08001aca   Section        0  stm32f4xx_ll_sdmmc.o(i.SDMMC_CmdBusWidth)
    i.SDMMC_CmdGoIdleState                   0x08001afc   Section        0  stm32f4xx_ll_sdmmc.o(i.SDMMC_CmdGoIdleState)
    i.SDMMC_CmdOperCond                      0x08001b4c   Section        0  stm32f4xx_ll_sdmmc.o(i.SDMMC_CmdOperCond)
    i.SDMMC_CmdReadMultiBlock                0x08001bb4   Section        0  stm32f4xx_ll_sdmmc.o(i.SDMMC_CmdReadMultiBlock)
    i.SDMMC_CmdReadSingleBlock               0x08001be6   Section        0  stm32f4xx_ll_sdmmc.o(i.SDMMC_CmdReadSingleBlock)
    i.SDMMC_CmdSelDesel                      0x08001c18   Section        0  stm32f4xx_ll_sdmmc.o(i.SDMMC_CmdSelDesel)
    i.SDMMC_CmdSendCID                       0x08001c4a   Section        0  stm32f4xx_ll_sdmmc.o(i.SDMMC_CmdSendCID)
    i.SDMMC_CmdSendCSD                       0x08001c76   Section        0  stm32f4xx_ll_sdmmc.o(i.SDMMC_CmdSendCSD)
    i.SDMMC_CmdSendSCR                       0x08001ca2   Section        0  stm32f4xx_ll_sdmmc.o(i.SDMMC_CmdSendSCR)
    i.SDMMC_CmdSendStatus                    0x08001cd2   Section        0  stm32f4xx_ll_sdmmc.o(i.SDMMC_CmdSendStatus)
    i.SDMMC_CmdSetRelAdd                     0x08001d04   Section        0  stm32f4xx_ll_sdmmc.o(i.SDMMC_CmdSetRelAdd)
    i.SDMMC_CmdStopTransfer                  0x08001d34   Section        0  stm32f4xx_ll_sdmmc.o(i.SDMMC_CmdStopTransfer)
    i.SDMMC_CmdWriteMultiBlock               0x08001d68   Section        0  stm32f4xx_ll_sdmmc.o(i.SDMMC_CmdWriteMultiBlock)
    i.SDMMC_CmdWriteSingleBlock              0x08001d9a   Section        0  stm32f4xx_ll_sdmmc.o(i.SDMMC_CmdWriteSingleBlock)
    i.SDMMC_GetCmdResp1                      0x08001dcc   Section        0  stm32f4xx_ll_sdmmc.o(i.SDMMC_GetCmdResp1)
    SDMMC_GetCmdResp1                        0x08001dcd   Thumb Code   276  stm32f4xx_ll_sdmmc.o(i.SDMMC_GetCmdResp1)
    i.SDMMC_GetCmdResp2                      0x08001ee8   Section        0  stm32f4xx_ll_sdmmc.o(i.SDMMC_GetCmdResp2)
    SDMMC_GetCmdResp2                        0x08001ee9   Thumb Code    74  stm32f4xx_ll_sdmmc.o(i.SDMMC_GetCmdResp2)
    i.SDMMC_GetCmdResp3                      0x08001f38   Section        0  stm32f4xx_ll_sdmmc.o(i.SDMMC_GetCmdResp3)
    SDMMC_GetCmdResp3                        0x08001f39   Thumb Code    60  stm32f4xx_ll_sdmmc.o(i.SDMMC_GetCmdResp3)
    i.SDMMC_GetCmdResp6                      0x08001f78   Section        0  stm32f4xx_ll_sdmmc.o(i.SDMMC_GetCmdResp6)
    SDMMC_GetCmdResp6                        0x08001f79   Thumb Code   128  stm32f4xx_ll_sdmmc.o(i.SDMMC_GetCmdResp6)
    i.SD_CheckStatus                         0x08001ffc   Section        0  sd_diskio.o(i.SD_CheckStatus)
    SD_CheckStatus                           0x08001ffd   Thumb Code    26  sd_diskio.o(i.SD_CheckStatus)
    i.SD_FindSCR                             0x0800201c   Section        0  stm32f4xx_hal_sd.o(i.SD_FindSCR)
    SD_FindSCR                               0x0800201d   Thumb Code   212  stm32f4xx_hal_sd.o(i.SD_FindSCR)
    i.SD_InitCard                            0x080020f0   Section        0  stm32f4xx_hal_sd.o(i.SD_InitCard)
    SD_InitCard                              0x080020f1   Thumb Code   230  stm32f4xx_hal_sd.o(i.SD_InitCard)
    i.SD_PowerON                             0x080021d6   Section        0  stm32f4xx_hal_sd.o(i.SD_PowerON)
    SD_PowerON                               0x080021d7   Thumb Code   162  stm32f4xx_hal_sd.o(i.SD_PowerON)
    i.SD_WideBus_Disable                     0x08002278   Section        0  stm32f4xx_hal_sd.o(i.SD_WideBus_Disable)
    SD_WideBus_Disable                       0x08002279   Thumb Code    78  stm32f4xx_hal_sd.o(i.SD_WideBus_Disable)
    i.SD_WideBus_Enable                      0x080022c6   Section        0  stm32f4xx_hal_sd.o(i.SD_WideBus_Enable)
    SD_WideBus_Enable                        0x080022c7   Thumb Code    78  stm32f4xx_hal_sd.o(i.SD_WideBus_Enable)
    i.SD_initialize                          0x08002314   Section        0  sd_diskio.o(i.SD_initialize)
    i.SD_ioctl                               0x08002334   Section        0  sd_diskio.o(i.SD_ioctl)
    i.SD_read                                0x08002384   Section        0  sd_diskio.o(i.SD_read)
    i.SD_status                              0x080023aa   Section        0  sd_diskio.o(i.SD_status)
    i.SD_write                               0x080023b0   Section        0  sd_diskio.o(i.SD_write)
    i.SVC_Handler                            0x080023d6   Section        0  stm32f4xx_it.o(i.SVC_Handler)
    i.SysTick_Handler                        0x080023d8   Section        0  stm32f4xx_it.o(i.SysTick_Handler)
    i.SystemClock_Config                     0x080023dc   Section        0  main.o(i.SystemClock_Config)
    SystemClock_Config                       0x080023dd   Thumb Code   130  main.o(i.SystemClock_Config)
    i.SystemInit                             0x08002468   Section        0  system_stm32f4xx.o(i.SystemInit)
    i.UART_SetConfig                         0x080024bc   Section        0  stm32f4xx_hal_uart.o(i.UART_SetConfig)
    UART_SetConfig                           0x080024bd   Thumb Code   676  stm32f4xx_hal_uart.o(i.UART_SetConfig)
    i.UART_WaitOnFlagUntilTimeout            0x08002768   Section        0  stm32f4xx_hal_uart.o(i.UART_WaitOnFlagUntilTimeout)
    UART_WaitOnFlagUntilTimeout              0x08002769   Thumb Code   100  stm32f4xx_hal_uart.o(i.UART_WaitOnFlagUntilTimeout)
    i.UsageFault_Handler                     0x080027cc   Section        0  stm32f4xx_it.o(i.UsageFault_Handler)
    i.__0printf$bare                         0x080027d0   Section        0  printfb.o(i.__0printf$bare)
    i.__scatterload_copy                     0x080027e0   Section       14  handlers.o(i.__scatterload_copy)
    i.__scatterload_null                     0x080027ee   Section        2  handlers.o(i.__scatterload_null)
    i.__scatterload_zeroinit                 0x080027f0   Section       14  handlers.o(i.__scatterload_zeroinit)
    i._printf_core                           0x080027fe   Section        0  printfb.o(i._printf_core)
    _printf_core                             0x080027ff   Thumb Code    34  printfb.o(i._printf_core)
    i.check_fs                               0x08002820   Section        0  ff.o(i.check_fs)
    check_fs                                 0x08002821   Thumb Code   102  ff.o(i.check_fs)
    i.chk_lock                               0x08002890   Section        0  ff.o(i.chk_lock)
    chk_lock                                 0x08002891   Thumb Code    86  ff.o(i.chk_lock)
    i.clear_lock                             0x080028ec   Section        0  ff.o(i.clear_lock)
    clear_lock                               0x080028ed   Thumb Code    28  ff.o(i.clear_lock)
    i.clmt_clust                             0x0800290c   Section        0  ff.o(i.clmt_clust)
    clmt_clust                               0x0800290d   Thumb Code    36  ff.o(i.clmt_clust)
    i.clust2sect                             0x08002930   Section        0  ff.o(i.clust2sect)
    clust2sect                               0x08002931   Thumb Code    24  ff.o(i.clust2sect)
    i.create_chain                           0x08002948   Section        0  ff.o(i.create_chain)
    create_chain                             0x08002949   Thumb Code   164  ff.o(i.create_chain)
    i.create_name                            0x080029ec   Section        0  ff.o(i.create_name)
    create_name                              0x080029ed   Thumb Code   168  ff.o(i.create_name)
    i.dec_lock                               0x08002aa8   Section        0  ff.o(i.dec_lock)
    dec_lock                                 0x08002aa9   Thumb Code    48  ff.o(i.dec_lock)
    i.dir_find                               0x08002adc   Section        0  ff.o(i.dir_find)
    dir_find                                 0x08002add   Thumb Code   100  ff.o(i.dir_find)
    i.dir_next                               0x08002b40   Section        0  ff.o(i.dir_next)
    dir_next                                 0x08002b41   Thumb Code   244  ff.o(i.dir_next)
    i.dir_register                           0x08002c34   Section        0  ff.o(i.dir_register)
    dir_register                             0x08002c35   Thumb Code   102  ff.o(i.dir_register)
    i.dir_sdi                                0x08002c9a   Section        0  ff.o(i.dir_sdi)
    dir_sdi                                  0x08002c9b   Thumb Code   130  ff.o(i.dir_sdi)
    i.disk_initialize                        0x08002d1c   Section        0  diskio.o(i.disk_initialize)
    i.disk_ioctl                             0x08002d44   Section        0  diskio.o(i.disk_ioctl)
    i.disk_read                              0x08002d60   Section        0  diskio.o(i.disk_read)
    i.disk_status                            0x08002d7c   Section        0  diskio.o(i.disk_status)
    i.disk_write                             0x08002d94   Section        0  diskio.o(i.disk_write)
    i.f_close                                0x08002db0   Section        0  ff.o(i.f_close)
    i.f_lseek                                0x08002dd8   Section        0  ff.o(i.f_lseek)
    i.f_mount                                0x08002fec   Section        0  ff.o(i.f_mount)
    i.f_open                                 0x08003044   Section        0  ff.o(i.f_open)
    i.f_read                                 0x08003250   Section        0  ff.o(i.f_read)
    i.f_sync                                 0x080033a2   Section        0  ff.o(i.f_sync)
    i.find_volume                            0x08003430   Section        0  ff.o(i.find_volume)
    find_volume                              0x08003431   Thumb Code   582  ff.o(i.find_volume)
    i.follow_path                            0x08003684   Section        0  ff.o(i.follow_path)
    follow_path                              0x08003685   Thumb Code   116  ff.o(i.follow_path)
    i.fputc                                  0x080036f8   Section        0  main.o(i.fputc)
    i.get_fat                                0x08003710   Section        0  ff.o(i.get_fat)
    get_fat                                  0x08003711   Thumb Code   190  ff.o(i.get_fat)
    i.get_fattime                            0x080037ce   Section        0  fatfs.o(i.get_fattime)
    i.get_ldnumber                           0x080037d2   Section        0  ff.o(i.get_ldnumber)
    get_ldnumber                             0x080037d3   Thumb Code    60  ff.o(i.get_ldnumber)
    i.inc_lock                               0x08003810   Section        0  ff.o(i.inc_lock)
    inc_lock                                 0x08003811   Thumb Code   124  ff.o(i.inc_lock)
    i.ld_clust                               0x08003890   Section        0  ff.o(i.ld_clust)
    ld_clust                                 0x08003891   Thumb Code    38  ff.o(i.ld_clust)
    i.ld_dword                               0x080038b6   Section        0  ff.o(i.ld_dword)
    ld_dword                                 0x080038b7   Thumb Code    22  ff.o(i.ld_dword)
    i.ld_word                                0x080038cc   Section        0  ff.o(i.ld_word)
    ld_word                                  0x080038cd   Thumb Code    10  ff.o(i.ld_word)
    i.main                                   0x080038d8   Section        0  main.o(i.main)
    i.mem_cpy                                0x08003b7c   Section        0  ff.o(i.mem_cpy)
    mem_cpy                                  0x08003b7d   Thumb Code    18  ff.o(i.mem_cpy)
    i.mem_set                                0x08003b90   Section        0  ff.o(i.mem_set)
    mem_set                                  0x08003b91   Thumb Code    14  ff.o(i.mem_set)
    i.move_window                            0x08003b9e   Section        0  ff.o(i.move_window)
    move_window                              0x08003b9f   Thumb Code    50  ff.o(i.move_window)
    i.put_fat                                0x08003bd0   Section        0  ff.o(i.put_fat)
    put_fat                                  0x08003bd1   Thumb Code   234  ff.o(i.put_fat)
    i.remove_chain                           0x08003cba   Section        0  ff.o(i.remove_chain)
    remove_chain                             0x08003cbb   Thumb Code   116  ff.o(i.remove_chain)
    i.st_clust                               0x08003d2e   Section        0  ff.o(i.st_clust)
    st_clust                                 0x08003d2f   Thumb Code    40  ff.o(i.st_clust)
    i.st_dword                               0x08003d56   Section        0  ff.o(i.st_dword)
    st_dword                                 0x08003d57   Thumb Code    16  ff.o(i.st_dword)
    i.st_word                                0x08003d66   Section        0  ff.o(i.st_word)
    st_word                                  0x08003d67   Thumb Code     8  ff.o(i.st_word)
    i.sync_fs                                0x08003d70   Section        0  ff.o(i.sync_fs)
    sync_fs                                  0x08003d71   Thumb Code   126  ff.o(i.sync_fs)
    i.sync_window                            0x08003df8   Section        0  ff.o(i.sync_window)
    sync_window                              0x08003df9   Thumb Code    82  ff.o(i.sync_window)
    i.uart_init                              0x08003e4c   Section        0  main.o(i.uart_init)
    i.validate                               0x08003e94   Section        0  ff.o(i.validate)
    validate                                 0x08003e95   Thumb Code    50  ff.o(i.validate)
    .constdata                               0x08003ec6   Section       16  system_stm32f4xx.o(.constdata)
    .constdata                               0x08003ed6   Section        8  system_stm32f4xx.o(.constdata)
    .constdata                               0x08003ee0   Section       20  sd_diskio.o(.constdata)
    .constdata                               0x08003ef4   Section      156  ff.o(.constdata)
    ExCvt                                    0x08003ef4   Data         128  ff.o(.constdata)
    cst                                      0x08003f74   Data          14  ff.o(.constdata)
    cst32                                    0x08003f82   Data          14  ff.o(.constdata)
    .data                                    0x20000000   Section        4  system_stm32f4xx.o(.data)
    .data                                    0x20000004   Section       12  stm32f4xx_hal.o(.data)
    .data                                    0x20000010   Section       44  main.o(.data)
    .data                                    0x2000003c   Section        5  fatfs.o(.data)
    .data                                    0x20000041   Section        1  sd_diskio.o(.data)
    Stat                                     0x20000041   Data           1  sd_diskio.o(.data)
    .data                                    0x20000044   Section        8  ff.o(.data)
    Fsid                                     0x20000044   Data           2  ff.o(.data)
    FatFs                                    0x20000048   Data           4  ff.o(.data)
    .data                                    0x2000004c   Section        4  stdout.o(.data)
    .bss                                     0x20000050   Section       32  stm32f4xx_hal_flash.o(.bss)
    .bss                                     0x20000070   Section      216  main.o(.bss)
    .bss                                     0x20000148   Section      560  fatfs.o(.bss)
    .bss                                     0x20000378   Section      560  fatfs.o(.bss)
    .bss                                     0x200005a8   Section       32  ff.o(.bss)
    Files                                    0x200005a8   Data          32  ff.o(.bss)
    .bss                                     0x200005c8   Section       12  ff_gen_drv.o(.bss)
    STACK                                    0x200005d8   Section     1024  startup_stm32f429xx.o(STACK)

    Global Symbols

    Symbol Name                              Value     Ov Type        Size  Object(Section)

    BuildAttributes$$THM_ISAv4$E$P$D$K$B$S$7EM$VFPi3$EXTD16$VFPS$VFMA$PE$A:L22UL41UL21$X:L11$S22US41US21$IEEE1$IW$USESV6$~STKCKD$USESV7$~SHL$OSPACE$ROPI$EBA8$MICROLIB$REQ8$PRES8$EABIv2 0x00000000   Number         0  anon$$obj.o ABSOLUTE
    __ARM_use_no_argv                        0x00000000   Number         0  main.o ABSOLUTE
    __cpp_initialize__aeabi_                  - Undefined Weak Reference
    __cxa_finalize                            - Undefined Weak Reference
    __decompress                              - Undefined Weak Reference
    _clock_init                               - Undefined Weak Reference
    _microlib_exit                            - Undefined Weak Reference
    __Vectors_Size                           0x000001ac   Number         0  startup_stm32f429xx.o ABSOLUTE
    __Vectors                                0x08000000   Data           4  startup_stm32f429xx.o(RESET)
    __Vectors_End                            0x080001ac   Data           0  startup_stm32f429xx.o(RESET)
    __main                                   0x080001ad   Thumb Code     0  entry.o(.ARM.Collect$$$$00000000)
    _main_stk                                0x080001ad   Thumb Code     0  entry2.o(.ARM.Collect$$$$00000001)
    _main_scatterload                        0x080001b1   Thumb Code     0  entry5.o(.ARM.Collect$$$$00000004)
    __main_after_scatterload                 0x080001b5   Thumb Code     0  entry5.o(.ARM.Collect$$$$00000004)
    _main_clock                              0x080001b5   Thumb Code     0  entry7b.o(.ARM.Collect$$$$00000008)
    _main_cpp_init                           0x080001b5   Thumb Code     0  entry8b.o(.ARM.Collect$$$$0000000A)
    _main_init                               0x080001b5   Thumb Code     0  entry9a.o(.ARM.Collect$$$$0000000B)
    __rt_final_cpp                           0x080001bd   Thumb Code     0  entry10a.o(.ARM.Collect$$$$0000000D)
    __rt_final_exit                          0x080001bd   Thumb Code     0  entry11a.o(.ARM.Collect$$$$0000000F)
    Reset_Handler                            0x080001c1   Thumb Code     8  startup_stm32f429xx.o(.text)
    ADC_IRQHandler                           0x080001db   Thumb Code     0  startup_stm32f429xx.o(.text)
    CAN1_RX0_IRQHandler                      0x080001db   Thumb Code     0  startup_stm32f429xx.o(.text)
    CAN1_RX1_IRQHandler                      0x080001db   Thumb Code     0  startup_stm32f429xx.o(.text)
    CAN1_SCE_IRQHandler                      0x080001db   Thumb Code     0  startup_stm32f429xx.o(.text)
    CAN1_TX_IRQHandler                       0x080001db   Thumb Code     0  startup_stm32f429xx.o(.text)
    CAN2_RX0_IRQHandler                      0x080001db   Thumb Code     0  startup_stm32f429xx.o(.text)
    CAN2_RX1_IRQHandler                      0x080001db   Thumb Code     0  startup_stm32f429xx.o(.text)
    CAN2_SCE_IRQHandler                      0x080001db   Thumb Code     0  startup_stm32f429xx.o(.text)
    CAN2_TX_IRQHandler                       0x080001db   Thumb Code     0  startup_stm32f429xx.o(.text)
    DCMI_IRQHandler                          0x080001db   Thumb Code     0  startup_stm32f429xx.o(.text)
    DMA1_Stream0_IRQHandler                  0x080001db   Thumb Code     0  startup_stm32f429xx.o(.text)
    DMA1_Stream1_IRQHandler                  0x080001db   Thumb Code     0  startup_stm32f429xx.o(.text)
    DMA1_Stream2_IRQHandler                  0x080001db   Thumb Code     0  startup_stm32f429xx.o(.text)
    DMA1_Stream3_IRQHandler                  0x080001db   Thumb Code     0  startup_stm32f429xx.o(.text)
    DMA1_Stream4_IRQHandler                  0x080001db   Thumb Code     0  startup_stm32f429xx.o(.text)
    DMA1_Stream5_IRQHandler                  0x080001db   Thumb Code     0  startup_stm32f429xx.o(.text)
    DMA1_Stream6_IRQHandler                  0x080001db   Thumb Code     0  startup_stm32f429xx.o(.text)
    DMA1_Stream7_IRQHandler                  0x080001db   Thumb Code     0  startup_stm32f429xx.o(.text)
    DMA2D_IRQHandler                         0x080001db   Thumb Code     0  startup_stm32f429xx.o(.text)
    DMA2_Stream0_IRQHandler                  0x080001db   Thumb Code     0  startup_stm32f429xx.o(.text)
    DMA2_Stream1_IRQHandler                  0x080001db   Thumb Code     0  startup_stm32f429xx.o(.text)
    DMA2_Stream2_IRQHandler                  0x080001db   Thumb Code     0  startup_stm32f429xx.o(.text)
    DMA2_Stream3_IRQHandler                  0x080001db   Thumb Code     0  startup_stm32f429xx.o(.text)
    DMA2_Stream4_IRQHandler                  0x080001db   Thumb Code     0  startup_stm32f429xx.o(.text)
    DMA2_Stream5_IRQHandler                  0x080001db   Thumb Code     0  startup_stm32f429xx.o(.text)
    DMA2_Stream6_IRQHandler                  0x080001db   Thumb Code     0  startup_stm32f429xx.o(.text)
    DMA2_Stream7_IRQHandler                  0x080001db   Thumb Code     0  startup_stm32f429xx.o(.text)
    ETH_IRQHandler                           0x080001db   Thumb Code     0  startup_stm32f429xx.o(.text)
    ETH_WKUP_IRQHandler                      0x080001db   Thumb Code     0  startup_stm32f429xx.o(.text)
    EXTI0_IRQHandler                         0x080001db   Thumb Code     0  startup_stm32f429xx.o(.text)
    EXTI15_10_IRQHandler                     0x080001db   Thumb Code     0  startup_stm32f429xx.o(.text)
    EXTI1_IRQHandler                         0x080001db   Thumb Code     0  startup_stm32f429xx.o(.text)
    EXTI2_IRQHandler                         0x080001db   Thumb Code     0  startup_stm32f429xx.o(.text)
    EXTI3_IRQHandler                         0x080001db   Thumb Code     0  startup_stm32f429xx.o(.text)
    EXTI4_IRQHandler                         0x080001db   Thumb Code     0  startup_stm32f429xx.o(.text)
    EXTI9_5_IRQHandler                       0x080001db   Thumb Code     0  startup_stm32f429xx.o(.text)
    FLASH_IRQHandler                         0x080001db   Thumb Code     0  startup_stm32f429xx.o(.text)
    FMC_IRQHandler                           0x080001db   Thumb Code     0  startup_stm32f429xx.o(.text)
    FPU_IRQHandler                           0x080001db   Thumb Code     0  startup_stm32f429xx.o(.text)
    HASH_RNG_IRQHandler                      0x080001db   Thumb Code     0  startup_stm32f429xx.o(.text)
    I2C1_ER_IRQHandler                       0x080001db   Thumb Code     0  startup_stm32f429xx.o(.text)
    I2C1_EV_IRQHandler                       0x080001db   Thumb Code     0  startup_stm32f429xx.o(.text)
    I2C2_ER_IRQHandler                       0x080001db   Thumb Code     0  startup_stm32f429xx.o(.text)
    I2C2_EV_IRQHandler                       0x080001db   Thumb Code     0  startup_stm32f429xx.o(.text)
    I2C3_ER_IRQHandler                       0x080001db   Thumb Code     0  startup_stm32f429xx.o(.text)
    I2C3_EV_IRQHandler                       0x080001db   Thumb Code     0  startup_stm32f429xx.o(.text)
    LTDC_ER_IRQHandler                       0x080001db   Thumb Code     0  startup_stm32f429xx.o(.text)
    LTDC_IRQHandler                          0x080001db   Thumb Code     0  startup_stm32f429xx.o(.text)
    OTG_FS_IRQHandler                        0x080001db   Thumb Code     0  startup_stm32f429xx.o(.text)
    OTG_FS_WKUP_IRQHandler                   0x080001db   Thumb Code     0  startup_stm32f429xx.o(.text)
    OTG_HS_EP1_IN_IRQHandler                 0x080001db   Thumb Code     0  startup_stm32f429xx.o(.text)
    OTG_HS_EP1_OUT_IRQHandler                0x080001db   Thumb Code     0  startup_stm32f429xx.o(.text)
    OTG_HS_IRQHandler                        0x080001db   Thumb Code     0  startup_stm32f429xx.o(.text)
    OTG_HS_WKUP_IRQHandler                   0x080001db   Thumb Code     0  startup_stm32f429xx.o(.text)
    PVD_IRQHandler                           0x080001db   Thumb Code     0  startup_stm32f429xx.o(.text)
    RCC_IRQHandler                           0x080001db   Thumb Code     0  startup_stm32f429xx.o(.text)
    RTC_Alarm_IRQHandler                     0x080001db   Thumb Code     0  startup_stm32f429xx.o(.text)
    RTC_WKUP_IRQHandler                      0x080001db   Thumb Code     0  startup_stm32f429xx.o(.text)
    SAI1_IRQHandler                          0x080001db   Thumb Code     0  startup_stm32f429xx.o(.text)
    SDIO_IRQHandler                          0x080001db   Thumb Code     0  startup_stm32f429xx.o(.text)
    SPI1_IRQHandler                          0x080001db   Thumb Code     0  startup_stm32f429xx.o(.text)
    SPI2_IRQHandler                          0x080001db   Thumb Code     0  startup_stm32f429xx.o(.text)
    SPI3_IRQHandler                          0x080001db   Thumb Code     0  startup_stm32f429xx.o(.text)
    SPI4_IRQHandler                          0x080001db   Thumb Code     0  startup_stm32f429xx.o(.text)
    SPI5_IRQHandler                          0x080001db   Thumb Code     0  startup_stm32f429xx.o(.text)
    SPI6_IRQHandler                          0x080001db   Thumb Code     0  startup_stm32f429xx.o(.text)
    TAMP_STAMP_IRQHandler                    0x080001db   Thumb Code     0  startup_stm32f429xx.o(.text)
    TIM1_BRK_TIM9_IRQHandler                 0x080001db   Thumb Code     0  startup_stm32f429xx.o(.text)
    TIM1_CC_IRQHandler                       0x080001db   Thumb Code     0  startup_stm32f429xx.o(.text)
    TIM1_TRG_COM_TIM11_IRQHandler            0x080001db   Thumb Code     0  startup_stm32f429xx.o(.text)
    TIM1_UP_TIM10_IRQHandler                 0x080001db   Thumb Code     0  startup_stm32f429xx.o(.text)
    TIM2_IRQHandler                          0x080001db   Thumb Code     0  startup_stm32f429xx.o(.text)
    TIM3_IRQHandler                          0x080001db   Thumb Code     0  startup_stm32f429xx.o(.text)
    TIM4_IRQHandler                          0x080001db   Thumb Code     0  startup_stm32f429xx.o(.text)
    TIM5_IRQHandler                          0x080001db   Thumb Code     0  startup_stm32f429xx.o(.text)
    TIM6_DAC_IRQHandler                      0x080001db   Thumb Code     0  startup_stm32f429xx.o(.text)
    TIM7_IRQHandler                          0x080001db   Thumb Code     0  startup_stm32f429xx.o(.text)
    TIM8_BRK_TIM12_IRQHandler                0x080001db   Thumb Code     0  startup_stm32f429xx.o(.text)
    TIM8_CC_IRQHandler                       0x080001db   Thumb Code     0  startup_stm32f429xx.o(.text)
    TIM8_TRG_COM_TIM14_IRQHandler            0x080001db   Thumb Code     0  startup_stm32f429xx.o(.text)
    TIM8_UP_TIM13_IRQHandler                 0x080001db   Thumb Code     0  startup_stm32f429xx.o(.text)
    UART4_IRQHandler                         0x080001db   Thumb Code     0  startup_stm32f429xx.o(.text)
    UART5_IRQHandler                         0x080001db   Thumb Code     0  startup_stm32f429xx.o(.text)
    UART7_IRQHandler                         0x080001db   Thumb Code     0  startup_stm32f429xx.o(.text)
    UART8_IRQHandler                         0x080001db   Thumb Code     0  startup_stm32f429xx.o(.text)
    USART1_IRQHandler                        0x080001db   Thumb Code     0  startup_stm32f429xx.o(.text)
    USART2_IRQHandler                        0x080001db   Thumb Code     0  startup_stm32f429xx.o(.text)
    USART3_IRQHandler                        0x080001db   Thumb Code     0  startup_stm32f429xx.o(.text)
    USART6_IRQHandler                        0x080001db   Thumb Code     0  startup_stm32f429xx.o(.text)
    WWDG_IRQHandler                          0x080001db   Thumb Code     0  startup_stm32f429xx.o(.text)
    __aeabi_uldivmod                         0x080001e5   Thumb Code    98  uldiv.o(.text)
    __aeabi_llsl                             0x08000247   Thumb Code    30  llshl.o(.text)
    _ll_shift_l                              0x08000247   Thumb Code     0  llshl.o(.text)
    __aeabi_llsr                             0x08000265   Thumb Code    32  llushr.o(.text)
    _ll_ushift_r                             0x08000265   Thumb Code     0  llushr.o(.text)
    __scatterload                            0x08000285   Thumb Code    28  init.o(.text)
    __scatterload_rt2                        0x08000285   Thumb Code     0  init.o(.text)
    BSP_SD_GetCardInfo                       0x080002a9   Thumb Code     8  bsp_driver_sd.o(i.BSP_SD_GetCardInfo)
    BSP_SD_GetCardState                      0x080002b5   Thumb Code    20  bsp_driver_sd.o(i.BSP_SD_GetCardState)
    BSP_SD_Init                              0x080002cd   Thumb Code    48  bsp_driver_sd.o(i.BSP_SD_Init)
    BSP_SD_ReadBlocks                        0x08000301   Thumb Code    26  bsp_driver_sd.o(i.BSP_SD_ReadBlocks)
    BSP_SD_WriteBlocks                       0x08000321   Thumb Code    26  bsp_driver_sd.o(i.BSP_SD_WriteBlocks)
    BusFault_Handler                         0x08000341   Thumb Code     2  stm32f4xx_it.o(i.BusFault_Handler)
    DebugMon_Handler                         0x08000343   Thumb Code     2  stm32f4xx_it.o(i.DebugMon_Handler)
    FATFS_LinkDriver                         0x08000345   Thumb Code     6  ff_gen_drv.o(i.FATFS_LinkDriver)
    FATFS_LinkDriverEx                       0x0800034d   Thumb Code    58  ff_gen_drv.o(i.FATFS_LinkDriverEx)
    FLASH_Erase_Sector                       0x0800038d   Thumb Code    80  stm32f4xx_hal_flash_ex.o(i.FLASH_Erase_Sector)
    FLASH_FlushCaches                        0x080003e1   Thumb Code    80  stm32f4xx_hal_flash_ex.o(i.FLASH_FlushCaches)
    FLASH_WaitForLastOperation               0x08000581   Thumb Code    72  stm32f4xx_hal_flash.o(i.FLASH_WaitForLastOperation)
    HAL_Delay                                0x08000785   Thumb Code    32  stm32f4xx_hal.o(i.HAL_Delay)
    HAL_FLASHEx_Erase                        0x080007a9   Thumb Code   146  stm32f4xx_hal_flash_ex.o(i.HAL_FLASHEx_Erase)
    HAL_FLASH_Lock                           0x08000845   Thumb Code    14  stm32f4xx_hal_flash.o(i.HAL_FLASH_Lock)
    HAL_FLASH_Program                        0x08000859   Thumb Code   116  stm32f4xx_hal_flash.o(i.HAL_FLASH_Program)
    HAL_FLASH_Unlock                         0x080008d5   Thumb Code    32  stm32f4xx_hal_flash.o(i.HAL_FLASH_Unlock)
    HAL_GPIO_Init                            0x08000901   Thumb Code   408  stm32f4xx_hal_gpio.o(i.HAL_GPIO_Init)
    HAL_GPIO_ReadPin                         0x08000acd   Thumb Code    10  stm32f4xx_hal_gpio.o(i.HAL_GPIO_ReadPin)
    HAL_GetTick                              0x08000ad9   Thumb Code     6  stm32f4xx_hal.o(i.HAL_GetTick)
    HAL_IncTick                              0x08000ae5   Thumb Code    12  stm32f4xx_hal.o(i.HAL_IncTick)
    HAL_Init                                 0x08000af5   Thumb Code    40  stm32f4xx_hal.o(i.HAL_Init)
    HAL_InitTick                             0x08000b21   Thumb Code    54  stm32f4xx_hal.o(i.HAL_InitTick)
    HAL_MspInit                              0x08000b61   Thumb Code     2  stm32f4xx_hal.o(i.HAL_MspInit)
    HAL_NVIC_SetPriority                     0x08000b65   Thumb Code    60  stm32f4xx_hal_cortex.o(i.HAL_NVIC_SetPriority)
    HAL_NVIC_SetPriorityGrouping             0x08000ba5   Thumb Code    26  stm32f4xx_hal_cortex.o(i.HAL_NVIC_SetPriorityGrouping)
    HAL_PWREx_EnableOverDrive                0x08000bc9   Thumb Code    98  stm32f4xx_hal_pwr_ex.o(i.HAL_PWREx_EnableOverDrive)
    HAL_RCC_ClockConfig                      0x08000c39   Thumb Code   286  stm32f4xx_hal_rcc.o(i.HAL_RCC_ClockConfig)
    HAL_RCC_GetPCLK1Freq                     0x08000d69   Thumb Code    20  stm32f4xx_hal_rcc.o(i.HAL_RCC_GetPCLK1Freq)
    HAL_RCC_GetPCLK2Freq                     0x08000d89   Thumb Code    20  stm32f4xx_hal_rcc.o(i.HAL_RCC_GetPCLK2Freq)
    HAL_RCC_GetSysClockFreq                  0x08000da9   Thumb Code    88  stm32f4xx_hal_rcc.o(i.HAL_RCC_GetSysClockFreq)
    HAL_RCC_OscConfig                        0x08000e09   Thumb Code   770  stm32f4xx_hal_rcc.o(i.HAL_RCC_OscConfig)
    HAL_SD_ConfigWideBusOperation            0x08001125   Thumb Code   120  stm32f4xx_hal_sd.o(i.HAL_SD_ConfigWideBusOperation)
    HAL_SD_GetCardCSD                        0x0800119d   Thumb Code   474  stm32f4xx_hal_sd.o(i.HAL_SD_GetCardCSD)
    HAL_SD_GetCardInfo                       0x08001377   Thumb Code    36  stm32f4xx_hal_sd.o(i.HAL_SD_GetCardInfo)
    HAL_SD_GetCardState                      0x0800139b   Thumb Code    44  stm32f4xx_hal_sd.o(i.HAL_SD_GetCardState)
    HAL_SD_Init                              0x080013c7   Thumb Code    54  stm32f4xx_hal_sd.o(i.HAL_SD_Init)
    HAL_SD_InitCard                          0x080013fd   Thumb Code    80  stm32f4xx_hal_sd.o(i.HAL_SD_InitCard)
    HAL_SD_MspInit                           0x08001451   Thumb Code     2  stm32f4xx_hal_sd.o(i.HAL_SD_MspInit)
    HAL_SD_ReadBlocks                        0x08001455   Thumb Code   434  stm32f4xx_hal_sd.o(i.HAL_SD_ReadBlocks)
    HAL_SD_WriteBlocks                       0x08001609   Thumb Code   410  stm32f4xx_hal_sd.o(i.HAL_SD_WriteBlocks)
    HAL_SYSTICK_Config                       0x080017a3   Thumb Code    40  stm32f4xx_hal_cortex.o(i.HAL_SYSTICK_Config)
    HAL_UART_Init                            0x080017cb   Thumb Code    98  stm32f4xx_hal_uart.o(i.HAL_UART_Init)
    HAL_UART_MspInit                         0x0800182d   Thumb Code   106  stm32f4xx_hal_msp.o(i.HAL_UART_MspInit)
    HAL_UART_Transmit                        0x080018a1   Thumb Code   186  stm32f4xx_hal_uart.o(i.HAL_UART_Transmit)
    HardFault_Handler                        0x0800195b   Thumb Code     2  stm32f4xx_it.o(i.HardFault_Handler)
    MX_FATFS_Init                            0x0800195d   Thumb Code    18  fatfs.o(i.MX_FATFS_Init)
    MemManage_Handler                        0x08001979   Thumb Code     2  stm32f4xx_it.o(i.MemManage_Handler)
    NMI_Handler                              0x0800197b   Thumb Code     2  stm32f4xx_it.o(i.NMI_Handler)
    PendSV_Handler                           0x0800199d   Thumb Code     2  stm32f4xx_it.o(i.PendSV_Handler)
    SDIO_ConfigData                          0x0800199f   Thumb Code    36  stm32f4xx_ll_sdmmc.o(i.SDIO_ConfigData)
    SDIO_GetPowerState                       0x080019c3   Thumb Code     8  stm32f4xx_ll_sdmmc.o(i.SDIO_GetPowerState)
    SDIO_GetResponse                         0x080019cb   Thumb Code    12  stm32f4xx_ll_sdmmc.o(i.SDIO_GetResponse)
    SDIO_Init                                0x080019d7   Thumb Code    36  stm32f4xx_ll_sdmmc.o(i.SDIO_Init)
    SDIO_PowerState_ON                       0x080019fb   Thumb Code     8  stm32f4xx_ll_sdmmc.o(i.SDIO_PowerState_ON)
    SDIO_ReadFIFO                            0x08001a03   Thumb Code     6  stm32f4xx_ll_sdmmc.o(i.SDIO_ReadFIFO)
    SDIO_SendCommand                         0x08001a09   Thumb Code    32  stm32f4xx_ll_sdmmc.o(i.SDIO_SendCommand)
    SDIO_WriteFIFO                           0x08001a29   Thumb Code    10  stm32f4xx_ll_sdmmc.o(i.SDIO_WriteFIFO)
    SDMMC_CmdAppCommand                      0x08001a33   Thumb Code    50  stm32f4xx_ll_sdmmc.o(i.SDMMC_CmdAppCommand)
    SDMMC_CmdAppOperCommand                  0x08001a65   Thumb Code    48  stm32f4xx_ll_sdmmc.o(i.SDMMC_CmdAppOperCommand)
    SDMMC_CmdBlockLength                     0x08001a99   Thumb Code    50  stm32f4xx_ll_sdmmc.o(i.SDMMC_CmdBlockLength)
    SDMMC_CmdBusWidth                        0x08001acb   Thumb Code    50  stm32f4xx_ll_sdmmc.o(i.SDMMC_CmdBusWidth)
    SDMMC_CmdGoIdleState                     0x08001afd   Thumb Code    76  stm32f4xx_ll_sdmmc.o(i.SDMMC_CmdGoIdleState)
    SDMMC_CmdOperCond                        0x08001b4d   Thumb Code    98  stm32f4xx_ll_sdmmc.o(i.SDMMC_CmdOperCond)
    SDMMC_CmdReadMultiBlock                  0x08001bb5   Thumb Code    50  stm32f4xx_ll_sdmmc.o(i.SDMMC_CmdReadMultiBlock)
    SDMMC_CmdReadSingleBlock                 0x08001be7   Thumb Code    50  stm32f4xx_ll_sdmmc.o(i.SDMMC_CmdReadSingleBlock)
    SDMMC_CmdSelDesel                        0x08001c19   Thumb Code    50  stm32f4xx_ll_sdmmc.o(i.SDMMC_CmdSelDesel)
    SDMMC_CmdSendCID                         0x08001c4b   Thumb Code    44  stm32f4xx_ll_sdmmc.o(i.SDMMC_CmdSendCID)
    SDMMC_CmdSendCSD                         0x08001c77   Thumb Code    44  stm32f4xx_ll_sdmmc.o(i.SDMMC_CmdSendCSD)
    SDMMC_CmdSendSCR                         0x08001ca3   Thumb Code    48  stm32f4xx_ll_sdmmc.o(i.SDMMC_CmdSendSCR)
    SDMMC_CmdSendStatus                      0x08001cd3   Thumb Code    50  stm32f4xx_ll_sdmmc.o(i.SDMMC_CmdSendStatus)
    SDMMC_CmdSetRelAdd                       0x08001d05   Thumb Code    48  stm32f4xx_ll_sdmmc.o(i.SDMMC_CmdSetRelAdd)
    SDMMC_CmdStopTransfer                    0x08001d35   Thumb Code    46  stm32f4xx_ll_sdmmc.o(i.SDMMC_CmdStopTransfer)
    SDMMC_CmdWriteMultiBlock                 0x08001d69   Thumb Code    50  stm32f4xx_ll_sdmmc.o(i.SDMMC_CmdWriteMultiBlock)
    SDMMC_CmdWriteSingleBlock                0x08001d9b   Thumb Code    50  stm32f4xx_ll_sdmmc.o(i.SDMMC_CmdWriteSingleBlock)
    SD_initialize                            0x08002315   Thumb Code    28  sd_diskio.o(i.SD_initialize)
    SD_ioctl                                 0x08002335   Thumb Code    76  sd_diskio.o(i.SD_ioctl)
    SD_read                                  0x08002385   Thumb Code    38  sd_diskio.o(i.SD_read)
    SD_status                                0x080023ab   Thumb Code     4  sd_diskio.o(i.SD_status)
    SD_write                                 0x080023b1   Thumb Code    38  sd_diskio.o(i.SD_write)
    SVC_Handler                              0x080023d7   Thumb Code     2  stm32f4xx_it.o(i.SVC_Handler)
    SysTick_Handler                          0x080023d9   Thumb Code     4  stm32f4xx_it.o(i.SysTick_Handler)
    SystemInit                               0x08002469   Thumb Code    66  system_stm32f4xx.o(i.SystemInit)
    UsageFault_Handler                       0x080027cd   Thumb Code     2  stm32f4xx_it.o(i.UsageFault_Handler)
    __0printf$bare                           0x080027d1   Thumb Code     8  printfb.o(i.__0printf$bare)
    __1printf$bare                           0x080027d1   Thumb Code     0  printfb.o(i.__0printf$bare)
    __2printf                                0x080027d1   Thumb Code     0  printfb.o(i.__0printf$bare)
    __scatterload_copy                       0x080027e1   Thumb Code    14  handlers.o(i.__scatterload_copy)
    __scatterload_null                       0x080027ef   Thumb Code     2  handlers.o(i.__scatterload_null)
    __scatterload_zeroinit                   0x080027f1   Thumb Code    14  handlers.o(i.__scatterload_zeroinit)
    disk_initialize                          0x08002d1d   Thumb Code    36  diskio.o(i.disk_initialize)
    disk_ioctl                               0x08002d45   Thumb Code    24  diskio.o(i.disk_ioctl)
    disk_read                                0x08002d61   Thumb Code    24  diskio.o(i.disk_read)
    disk_status                              0x08002d7d   Thumb Code    18  diskio.o(i.disk_status)
    disk_write                               0x08002d95   Thumb Code    24  diskio.o(i.disk_write)
    f_close                                  0x08002db1   Thumb Code    40  ff.o(i.f_close)
    f_lseek                                  0x08002dd9   Thumb Code   530  ff.o(i.f_lseek)
    f_mount                                  0x08002fed   Thumb Code    84  ff.o(i.f_mount)
    f_open                                   0x08003045   Thumb Code   520  ff.o(i.f_open)
    f_read                                   0x08003251   Thumb Code   338  ff.o(i.f_read)
    f_sync                                   0x080033a3   Thumb Code   142  ff.o(i.f_sync)
    fputc                                    0x080036f9   Thumb Code    20  main.o(i.fputc)
    get_fattime                              0x080037cf   Thumb Code     4  fatfs.o(i.get_fattime)
    main                                     0x080038d9   Thumb Code   512  main.o(i.main)
    uart_init                                0x08003e4d   Thumb Code    48  main.o(i.uart_init)
    AHBPrescTable                            0x08003ec6   Data          16  system_stm32f4xx.o(.constdata)
    APBPrescTable                            0x08003ed6   Data           8  system_stm32f4xx.o(.constdata)
    SD_Driver                                0x08003ee0   Data          20  sd_diskio.o(.constdata)
    Region$$Table$$Base                      0x08003f90   Number         0  anon$$obj.o(Region$$Table)
    Region$$Table$$Limit                     0x08003fb0   Number         0  anon$$obj.o(Region$$Table)
    SystemCoreClock                          0x20000000   Data           4  system_stm32f4xx.o(.data)
    uwTickFreq                               0x20000004   Data           1  stm32f4xx_hal.o(.data)
    uwTickPrio                               0x20000008   Data           4  stm32f4xx_hal.o(.data)
    uwTick                                   0x2000000c   Data           4  stm32f4xx_hal.o(.data)
    status                                   0x20000010   Data           1  main.o(.data)
    FirstSector                              0x20000014   Data           4  main.o(.data)
    NbOfSectors                              0x20000018   Data           4  main.o(.data)
    Address                                  0x2000001c   Data           4  main.o(.data)
    SECTORError                              0x20000020   Data           4  main.o(.data)
    size                                     0x20000024   Data           4  main.o(.data)
    data32                                   0x20000028   Data           4  main.o(.data)
    MemoryProgramStatus                      0x2000002c   Data           4  main.o(.data)
    R32_temp                                 0x20000030   Data           4  main.o(.data)
    JumpToApplication                        0x20000034   Data           4  main.o(.data)
    JumpAddress                              0x20000038   Data           4  main.o(.data)
    retSD                                    0x2000003c   Data           1  fatfs.o(.data)
    SDPath                                   0x2000003d   Data           4  fatfs.o(.data)
    __stdout                                 0x2000004c   Data           4  stdout.o(.data)
    pFlash                                   0x20000050   Data          32  stm32f4xx_hal_flash.o(.bss)
    UartHandle2                              0x20000070   Data          64  main.o(.bss)
    hsd                                      0x200000b0   Data         132  main.o(.bss)
    EraseInitStruct                          0x20000134   Data          20  main.o(.bss)
    SDFatFS                                  0x20000148   Data         560  fatfs.o(.bss)
    SDFile                                   0x20000378   Data         560  fatfs.o(.bss)
    disk                                     0x200005c8   Data          12  ff_gen_drv.o(.bss)
    __initial_sp                             0x200009d8   Data           0  startup_stm32f429xx.o(STACK)



==============================================================================

Memory Map of the image

  Image Entry point : 0x080001ad

  Load Region LR_IROM1 (Base: 0x08000000, Size: 0x00004000, Max: 0x00004000, ABSOLUTE)

    Execution Region ER_IROM1 (Exec base: 0x08000000, Load base: 0x08000000, Size: 0x00003fb0, Max: 0x00004000, ABSOLUTE)

    Exec Addr    Load Addr    Size         Type   Attr      Idx    E Section Name        Object

    0x08000000   0x08000000   0x000001ac   Data   RO         2408    RESET               startup_stm32f429xx.o
    0x080001ac   0x080001ac   0x00000000   Code   RO         2878  * .ARM.Collect$$$$00000000  mc_w.l(entry.o)
    0x080001ac   0x080001ac   0x00000004   Code   RO         3143    .ARM.Collect$$$$00000001  mc_w.l(entry2.o)
    0x080001b0   0x080001b0   0x00000004   Code   RO         3146    .ARM.Collect$$$$00000004  mc_w.l(entry5.o)
    0x080001b4   0x080001b4   0x00000000   Code   RO         3148    .ARM.Collect$$$$00000008  mc_w.l(entry7b.o)
    0x080001b4   0x080001b4   0x00000000   Code   RO         3150    .ARM.Collect$$$$0000000A  mc_w.l(entry8b.o)
    0x080001b4   0x080001b4   0x00000008   Code   RO         3151    .ARM.Collect$$$$0000000B  mc_w.l(entry9a.o)
    0x080001bc   0x080001bc   0x00000000   Code   RO         3153    .ARM.Collect$$$$0000000D  mc_w.l(entry10a.o)
    0x080001bc   0x080001bc   0x00000000   Code   RO         3155    .ARM.Collect$$$$0000000F  mc_w.l(entry11a.o)
    0x080001bc   0x080001bc   0x00000004   Code   RO         3144    .ARM.Collect$$$$00002712  mc_w.l(entry2.o)
    0x080001c0   0x080001c0   0x00000024   Code   RO         2409    .text               startup_stm32f429xx.o
    0x080001e4   0x080001e4   0x00000062   Code   RO         2881    .text               mc_w.l(uldiv.o)
    0x08000246   0x08000246   0x0000001e   Code   RO         3160    .text               mc_w.l(llshl.o)
    0x08000264   0x08000264   0x00000020   Code   RO         3162    .text               mc_w.l(llushr.o)
    0x08000284   0x08000284   0x00000024   Code   RO         3175    .text               mc_w.l(init.o)
    0x080002a8   0x080002a8   0x0000000c   Code   RO         2173    i.BSP_SD_GetCardInfo  bsp_driver_sd.o
    0x080002b4   0x080002b4   0x00000018   Code   RO         2174    i.BSP_SD_GetCardState  bsp_driver_sd.o
    0x080002cc   0x080002cc   0x00000034   Code   RO         2177    i.BSP_SD_Init       bsp_driver_sd.o
    0x08000300   0x08000300   0x00000020   Code   RO         2179    i.BSP_SD_ReadBlocks  bsp_driver_sd.o
    0x08000320   0x08000320   0x00000020   Code   RO         2182    i.BSP_SD_WriteBlocks  bsp_driver_sd.o
    0x08000340   0x08000340   0x00000002   Code   RO         1972    i.BusFault_Handler  stm32f4xx_it.o
    0x08000342   0x08000342   0x00000002   Code   RO         1973    i.DebugMon_Handler  stm32f4xx_it.o
    0x08000344   0x08000344   0x00000006   Code   RO         2807    i.FATFS_LinkDriver  ff_gen_drv.o
    0x0800034a   0x0800034a   0x00000002   PAD
    0x0800034c   0x0800034c   0x00000040   Code   RO         2808    i.FATFS_LinkDriverEx  ff_gen_drv.o
    0x0800038c   0x0800038c   0x00000054   Code   RO         1373    i.FLASH_Erase_Sector  stm32f4xx_hal_flash_ex.o
    0x080003e0   0x080003e0   0x00000054   Code   RO         1374    i.FLASH_FlushCaches  stm32f4xx_hal_flash_ex.o
    0x08000434   0x08000434   0x00000040   Code   RO         1375    i.FLASH_MassErase   stm32f4xx_hal_flash_ex.o
    0x08000474   0x08000474   0x00000020   Code   RO         1255    i.FLASH_Program_Byte  stm32f4xx_hal_flash.o
    0x08000494   0x08000494   0x00000028   Code   RO         1256    i.FLASH_Program_DoubleWord  stm32f4xx_hal_flash.o
    0x080004bc   0x080004bc   0x00000024   Code   RO         1257    i.FLASH_Program_HalfWord  stm32f4xx_hal_flash.o
    0x080004e0   0x080004e0   0x00000024   Code   RO         1258    i.FLASH_Program_Word  stm32f4xx_hal_flash.o
    0x08000504   0x08000504   0x0000007c   Code   RO         1259    i.FLASH_SetErrorCode  stm32f4xx_hal_flash.o
    0x08000580   0x08000580   0x00000050   Code   RO         1260    i.FLASH_WaitForLastOperation  stm32f4xx_hal_flash.o
    0x080005d0   0x080005d0   0x0000017c   Code   RO         2080    i.GetSector         main.o
    0x0800074c   0x0800074c   0x00000038   Code   RO         2081    i.GetSectorSize     main.o
    0x08000784   0x08000784   0x00000024   Code   RO          389    i.HAL_Delay         stm32f4xx_hal.o
    0x080007a8   0x080007a8   0x0000009c   Code   RO         1380    i.HAL_FLASHEx_Erase  stm32f4xx_hal_flash_ex.o
    0x08000844   0x08000844   0x00000014   Code   RO         1264    i.HAL_FLASH_Lock    stm32f4xx_hal_flash.o
    0x08000858   0x08000858   0x0000007c   Code   RO         1269    i.HAL_FLASH_Program  stm32f4xx_hal_flash.o
    0x080008d4   0x080008d4   0x0000002c   Code   RO         1271    i.HAL_FLASH_Unlock  stm32f4xx_hal_flash.o
    0x08000900   0x08000900   0x000001cc   Code   RO          568    i.HAL_GPIO_Init     stm32f4xx_hal_gpio.o
    0x08000acc   0x08000acc   0x0000000a   Code   RO          570    i.HAL_GPIO_ReadPin  stm32f4xx_hal_gpio.o
    0x08000ad6   0x08000ad6   0x00000002   PAD
    0x08000ad8   0x08000ad8   0x0000000c   Code   RO          397    i.HAL_GetTick       stm32f4xx_hal.o
    0x08000ae4   0x08000ae4   0x00000010   Code   RO          401    i.HAL_IncTick       stm32f4xx_hal.o
    0x08000af4   0x08000af4   0x0000002c   Code   RO          402    i.HAL_Init          stm32f4xx_hal.o
    0x08000b20   0x08000b20   0x00000040   Code   RO          403    i.HAL_InitTick      stm32f4xx_hal.o
    0x08000b60   0x08000b60   0x00000002   Code   RO          405    i.HAL_MspInit       stm32f4xx_hal.o
    0x08000b62   0x08000b62   0x00000002   PAD
    0x08000b64   0x08000b64   0x00000040   Code   RO          258    i.HAL_NVIC_SetPriority  stm32f4xx_hal_cortex.o
    0x08000ba4   0x08000ba4   0x00000024   Code   RO          259    i.HAL_NVIC_SetPriorityGrouping  stm32f4xx_hal_cortex.o
    0x08000bc8   0x08000bc8   0x00000070   Code   RO          637    i.HAL_PWREx_EnableOverDrive  stm32f4xx_hal_pwr_ex.o
    0x08000c38   0x08000c38   0x00000130   Code   RO         1136    i.HAL_RCC_ClockConfig  stm32f4xx_hal_rcc.o
    0x08000d68   0x08000d68   0x00000020   Code   RO         1143    i.HAL_RCC_GetPCLK1Freq  stm32f4xx_hal_rcc.o
    0x08000d88   0x08000d88   0x00000020   Code   RO         1144    i.HAL_RCC_GetPCLK2Freq  stm32f4xx_hal_rcc.o
    0x08000da8   0x08000da8   0x00000060   Code   RO         1145    i.HAL_RCC_GetSysClockFreq  stm32f4xx_hal_rcc.o
    0x08000e08   0x08000e08   0x0000031c   Code   RO         1148    i.HAL_RCC_OscConfig  stm32f4xx_hal_rcc.o
    0x08001124   0x08001124   0x00000078   Code   RO         1476    i.HAL_SD_ConfigWideBusOperation  stm32f4xx_hal_sd.o
    0x0800119c   0x0800119c   0x000001da   Code   RO         1481    i.HAL_SD_GetCardCSD  stm32f4xx_hal_sd.o
    0x08001376   0x08001376   0x00000024   Code   RO         1482    i.HAL_SD_GetCardInfo  stm32f4xx_hal_sd.o
    0x0800139a   0x0800139a   0x0000002c   Code   RO         1483    i.HAL_SD_GetCardState  stm32f4xx_hal_sd.o
    0x080013c6   0x080013c6   0x00000036   Code   RO         1488    i.HAL_SD_Init       stm32f4xx_hal_sd.o
    0x080013fc   0x080013fc   0x00000054   Code   RO         1489    i.HAL_SD_InitCard   stm32f4xx_hal_sd.o
    0x08001450   0x08001450   0x00000002   Code   RO         1491    i.HAL_SD_MspInit    stm32f4xx_hal_sd.o
    0x08001452   0x08001452   0x00000002   PAD
    0x08001454   0x08001454   0x000001b2   Code   RO         1492    i.HAL_SD_ReadBlocks  stm32f4xx_hal_sd.o
    0x08001606   0x08001606   0x00000002   PAD
    0x08001608   0x08001608   0x0000019a   Code   RO         1497    i.HAL_SD_WriteBlocks  stm32f4xx_hal_sd.o
    0x080017a2   0x080017a2   0x00000028   Code   RO          263    i.HAL_SYSTICK_Config  stm32f4xx_hal_cortex.o
    0x080017ca   0x080017ca   0x00000062   Code   RO          728    i.HAL_UART_Init     stm32f4xx_hal_uart.o
    0x0800182c   0x0800182c   0x00000074   Code   RO         2051    i.HAL_UART_MspInit  stm32f4xx_hal_msp.o
    0x080018a0   0x080018a0   0x000000ba   Code   RO          736    i.HAL_UART_Transmit  stm32f4xx_hal_uart.o
    0x0800195a   0x0800195a   0x00000002   Code   RO         1974    i.HardFault_Handler  stm32f4xx_it.o
    0x0800195c   0x0800195c   0x0000001c   Code   RO         2311    i.MX_FATFS_Init     fatfs.o
    0x08001978   0x08001978   0x00000002   Code   RO         1975    i.MemManage_Handler  stm32f4xx_it.o
    0x0800197a   0x0800197a   0x00000002   Code   RO         1976    i.NMI_Handler       stm32f4xx_it.o
    0x0800197c   0x0800197c   0x00000020   Code   RO          265    i.NVIC_SetPriority  stm32f4xx_hal_cortex.o
    0x0800199c   0x0800199c   0x00000002   Code   RO         1977    i.PendSV_Handler    stm32f4xx_it.o
    0x0800199e   0x0800199e   0x00000024   Code   RO         1708    i.SDIO_ConfigData   stm32f4xx_ll_sdmmc.o
    0x080019c2   0x080019c2   0x00000008   Code   RO         1712    i.SDIO_GetPowerState  stm32f4xx_ll_sdmmc.o
    0x080019ca   0x080019ca   0x0000000c   Code   RO         1713    i.SDIO_GetResponse  stm32f4xx_ll_sdmmc.o
    0x080019d6   0x080019d6   0x00000024   Code   RO         1714    i.SDIO_Init         stm32f4xx_ll_sdmmc.o
    0x080019fa   0x080019fa   0x00000008   Code   RO         1716    i.SDIO_PowerState_ON  stm32f4xx_ll_sdmmc.o
    0x08001a02   0x08001a02   0x00000006   Code   RO         1717    i.SDIO_ReadFIFO     stm32f4xx_ll_sdmmc.o
    0x08001a08   0x08001a08   0x00000020   Code   RO         1718    i.SDIO_SendCommand  stm32f4xx_ll_sdmmc.o
    0x08001a28   0x08001a28   0x0000000a   Code   RO         1720    i.SDIO_WriteFIFO    stm32f4xx_ll_sdmmc.o
    0x08001a32   0x08001a32   0x00000032   Code   RO         1721    i.SDMMC_CmdAppCommand  stm32f4xx_ll_sdmmc.o
    0x08001a64   0x08001a64   0x00000034   Code   RO         1722    i.SDMMC_CmdAppOperCommand  stm32f4xx_ll_sdmmc.o
    0x08001a98   0x08001a98   0x00000032   Code   RO         1723    i.SDMMC_CmdBlockLength  stm32f4xx_ll_sdmmc.o
    0x08001aca   0x08001aca   0x00000032   Code   RO         1724    i.SDMMC_CmdBusWidth  stm32f4xx_ll_sdmmc.o
    0x08001afc   0x08001afc   0x00000050   Code   RO         1728    i.SDMMC_CmdGoIdleState  stm32f4xx_ll_sdmmc.o
    0x08001b4c   0x08001b4c   0x00000068   Code   RO         1730    i.SDMMC_CmdOperCond  stm32f4xx_ll_sdmmc.o
    0x08001bb4   0x08001bb4   0x00000032   Code   RO         1731    i.SDMMC_CmdReadMultiBlock  stm32f4xx_ll_sdmmc.o
    0x08001be6   0x08001be6   0x00000032   Code   RO         1732    i.SDMMC_CmdReadSingleBlock  stm32f4xx_ll_sdmmc.o
    0x08001c18   0x08001c18   0x00000032   Code   RO         1735    i.SDMMC_CmdSelDesel  stm32f4xx_ll_sdmmc.o
    0x08001c4a   0x08001c4a   0x0000002c   Code   RO         1736    i.SDMMC_CmdSendCID  stm32f4xx_ll_sdmmc.o
    0x08001c76   0x08001c76   0x0000002c   Code   RO         1737    i.SDMMC_CmdSendCSD  stm32f4xx_ll_sdmmc.o
    0x08001ca2   0x08001ca2   0x00000030   Code   RO         1738    i.SDMMC_CmdSendSCR  stm32f4xx_ll_sdmmc.o
    0x08001cd2   0x08001cd2   0x00000032   Code   RO         1739    i.SDMMC_CmdSendStatus  stm32f4xx_ll_sdmmc.o
    0x08001d04   0x08001d04   0x00000030   Code   RO         1740    i.SDMMC_CmdSetRelAdd  stm32f4xx_ll_sdmmc.o
    0x08001d34   0x08001d34   0x00000034   Code   RO         1742    i.SDMMC_CmdStopTransfer  stm32f4xx_ll_sdmmc.o
    0x08001d68   0x08001d68   0x00000032   Code   RO         1744    i.SDMMC_CmdWriteMultiBlock  stm32f4xx_ll_sdmmc.o
    0x08001d9a   0x08001d9a   0x00000032   Code   RO         1745    i.SDMMC_CmdWriteSingleBlock  stm32f4xx_ll_sdmmc.o
    0x08001dcc   0x08001dcc   0x0000011c   Code   RO         1746    i.SDMMC_GetCmdResp1  stm32f4xx_ll_sdmmc.o
    0x08001ee8   0x08001ee8   0x00000050   Code   RO         1747    i.SDMMC_GetCmdResp2  stm32f4xx_ll_sdmmc.o
    0x08001f38   0x08001f38   0x00000040   Code   RO         1748    i.SDMMC_GetCmdResp3  stm32f4xx_ll_sdmmc.o
    0x08001f78   0x08001f78   0x00000084   Code   RO         1749    i.SDMMC_GetCmdResp6  stm32f4xx_ll_sdmmc.o
    0x08001ffc   0x08001ffc   0x00000020   Code   RO         2349    i.SD_CheckStatus    sd_diskio.o
    0x0800201c   0x0800201c   0x000000d4   Code   RO         1505    i.SD_FindSCR        stm32f4xx_hal_sd.o
    0x080020f0   0x080020f0   0x000000e6   Code   RO         1506    i.SD_InitCard       stm32f4xx_hal_sd.o
    0x080021d6   0x080021d6   0x000000a2   Code   RO         1507    i.SD_PowerON        stm32f4xx_hal_sd.o
    0x08002278   0x08002278   0x0000004e   Code   RO         1509    i.SD_WideBus_Disable  stm32f4xx_hal_sd.o
    0x080022c6   0x080022c6   0x0000004e   Code   RO         1510    i.SD_WideBus_Enable  stm32f4xx_hal_sd.o
    0x08002314   0x08002314   0x00000020   Code   RO         2350    i.SD_initialize     sd_diskio.o
    0x08002334   0x08002334   0x00000050   Code   RO         2351    i.SD_ioctl          sd_diskio.o
    0x08002384   0x08002384   0x00000026   Code   RO         2352    i.SD_read           sd_diskio.o
    0x080023aa   0x080023aa   0x00000004   Code   RO         2353    i.SD_status         sd_diskio.o
    0x080023ae   0x080023ae   0x00000002   PAD
    0x080023b0   0x080023b0   0x00000026   Code   RO         2354    i.SD_write          sd_diskio.o
    0x080023d6   0x080023d6   0x00000002   Code   RO         1978    i.SVC_Handler       stm32f4xx_it.o
    0x080023d8   0x080023d8   0x00000004   Code   RO         1979    i.SysTick_Handler   stm32f4xx_it.o
    0x080023dc   0x080023dc   0x0000008c   Code   RO         2082    i.SystemClock_Config  main.o
    0x08002468   0x08002468   0x00000054   Code   RO          210    i.SystemInit        system_stm32f4xx.o
    0x080024bc   0x080024bc   0x000002ac   Code   RO          754    i.UART_SetConfig    stm32f4xx_hal_uart.o
    0x08002768   0x08002768   0x00000064   Code   RO          756    i.UART_WaitOnFlagUntilTimeout  stm32f4xx_hal_uart.o
    0x080027cc   0x080027cc   0x00000002   Code   RO         1980    i.UsageFault_Handler  stm32f4xx_it.o
    0x080027ce   0x080027ce   0x00000002   PAD
    0x080027d0   0x080027d0   0x00000010   Code   RO         2884    i.__0printf$bare    mc_w.l(printfb.o)
    0x080027e0   0x080027e0   0x0000000e   Code   RO         3183    i.__scatterload_copy  mc_w.l(handlers.o)
    0x080027ee   0x080027ee   0x00000002   Code   RO         3184    i.__scatterload_null  mc_w.l(handlers.o)
    0x080027f0   0x080027f0   0x0000000e   Code   RO         3185    i.__scatterload_zeroinit  mc_w.l(handlers.o)
    0x080027fe   0x080027fe   0x00000022   Code   RO         2891    i._printf_core      mc_w.l(printfb.o)
    0x08002820   0x08002820   0x00000070   Code   RO         2471    i.check_fs          ff.o
    0x08002890   0x08002890   0x0000005c   Code   RO         2472    i.chk_lock          ff.o
    0x080028ec   0x080028ec   0x00000020   Code   RO         2473    i.clear_lock        ff.o
    0x0800290c   0x0800290c   0x00000024   Code   RO         2474    i.clmt_clust        ff.o
    0x08002930   0x08002930   0x00000018   Code   RO         2475    i.clust2sect        ff.o
    0x08002948   0x08002948   0x000000a4   Code   RO         2476    i.create_chain      ff.o
    0x080029ec   0x080029ec   0x000000bc   Code   RO         2477    i.create_name       ff.o
    0x08002aa8   0x08002aa8   0x00000034   Code   RO         2478    i.dec_lock          ff.o
    0x08002adc   0x08002adc   0x00000064   Code   RO         2479    i.dir_find          ff.o
    0x08002b40   0x08002b40   0x000000f4   Code   RO         2480    i.dir_next          ff.o
    0x08002c34   0x08002c34   0x00000066   Code   RO         2482    i.dir_register      ff.o
    0x08002c9a   0x08002c9a   0x00000082   Code   RO         2484    i.dir_sdi           ff.o
    0x08002d1c   0x08002d1c   0x00000028   Code   RO         2416    i.disk_initialize   diskio.o
    0x08002d44   0x08002d44   0x0000001c   Code   RO         2417    i.disk_ioctl        diskio.o
    0x08002d60   0x08002d60   0x0000001c   Code   RO         2418    i.disk_read         diskio.o
    0x08002d7c   0x08002d7c   0x00000018   Code   RO         2419    i.disk_status       diskio.o
    0x08002d94   0x08002d94   0x0000001c   Code   RO         2420    i.disk_write        diskio.o
    0x08002db0   0x08002db0   0x00000028   Code   RO         2485    i.f_close           ff.o
    0x08002dd8   0x08002dd8   0x00000212   Code   RO         2489    i.f_lseek           ff.o
    0x08002fea   0x08002fea   0x00000002   PAD
    0x08002fec   0x08002fec   0x00000058   Code   RO         2492    i.f_mount           ff.o
    0x08003044   0x08003044   0x0000020c   Code   RO         2493    i.f_open            ff.o
    0x08003250   0x08003250   0x00000152   Code   RO         2498    i.f_read            ff.o
    0x080033a2   0x080033a2   0x0000008e   Code   RO         2502    i.f_sync            ff.o
    0x08003430   0x08003430   0x00000254   Code   RO         2506    i.find_volume       ff.o
    0x08003684   0x08003684   0x00000074   Code   RO         2507    i.follow_path       ff.o
    0x080036f8   0x080036f8   0x00000018   Code   RO         2083    i.fputc             main.o
    0x08003710   0x08003710   0x000000be   Code   RO         2508    i.get_fat           ff.o
    0x080037ce   0x080037ce   0x00000004   Code   RO         2312    i.get_fattime       fatfs.o
    0x080037d2   0x080037d2   0x0000003c   Code   RO         2510    i.get_ldnumber      ff.o
    0x0800380e   0x0800380e   0x00000002   PAD
    0x08003810   0x08003810   0x00000080   Code   RO         2511    i.inc_lock          ff.o
    0x08003890   0x08003890   0x00000026   Code   RO         2512    i.ld_clust          ff.o
    0x080038b6   0x080038b6   0x00000016   Code   RO         2513    i.ld_dword          ff.o
    0x080038cc   0x080038cc   0x0000000a   Code   RO         2514    i.ld_word           ff.o
    0x080038d6   0x080038d6   0x00000002   PAD
    0x080038d8   0x080038d8   0x000002a4   Code   RO         2084    i.main              main.o
    0x08003b7c   0x08003b7c   0x00000012   Code   RO         2515    i.mem_cpy           ff.o
    0x08003b8e   0x08003b8e   0x00000002   PAD
    0x08003b90   0x08003b90   0x0000000e   Code   RO         2516    i.mem_set           ff.o
    0x08003b9e   0x08003b9e   0x00000032   Code   RO         2517    i.move_window       ff.o
    0x08003bd0   0x08003bd0   0x000000ea   Code   RO         2518    i.put_fat           ff.o
    0x08003cba   0x08003cba   0x00000074   Code   RO         2521    i.remove_chain      ff.o
    0x08003d2e   0x08003d2e   0x00000028   Code   RO         2522    i.st_clust          ff.o
    0x08003d56   0x08003d56   0x00000010   Code   RO         2523    i.st_dword          ff.o
    0x08003d66   0x08003d66   0x00000008   Code   RO         2524    i.st_word           ff.o
    0x08003d6e   0x08003d6e   0x00000002   PAD
    0x08003d70   0x08003d70   0x00000088   Code   RO         2525    i.sync_fs           ff.o
    0x08003df8   0x08003df8   0x00000052   Code   RO         2526    i.sync_window       ff.o
    0x08003e4a   0x08003e4a   0x00000002   PAD
    0x08003e4c   0x08003e4c   0x00000048   Code   RO         2085    i.uart_init         main.o
    0x08003e94   0x08003e94   0x00000032   Code   RO         2527    i.validate          ff.o
    0x08003ec6   0x08003ec6   0x00000010   Data   RO          211    .constdata          system_stm32f4xx.o
    0x08003ed6   0x08003ed6   0x00000008   Data   RO          212    .constdata          system_stm32f4xx.o
    0x08003ede   0x08003ede   0x00000002   PAD
    0x08003ee0   0x08003ee0   0x00000014   Data   RO         2355    .constdata          sd_diskio.o
    0x08003ef4   0x08003ef4   0x0000009c   Data   RO         2529    .constdata          ff.o
    0x08003f90   0x08003f90   0x00000020   Data   RO         3181    Region$$Table       anon$$obj.o


    Execution Region RW_IRAM1 (Exec base: 0x20000000, Load base: 0x08003fb0, Size: 0x000009d8, Max: 0x00030000, ABSOLUTE)

    Exec Addr    Load Addr    Size         Type   Attr      Idx    E Section Name        Object

    0x20000000   0x08003fb0   0x00000004   Data   RW          213    .data               system_stm32f4xx.o
    0x20000004   0x08003fb4   0x0000000c   Data   RW          409    .data               stm32f4xx_hal.o
    0x20000010   0x08003fc0   0x0000002c   Data   RW         2087    .data               main.o
    0x2000003c   0x08003fec   0x00000005   Data   RW         2315    .data               fatfs.o
    0x20000041   0x08003ff1   0x00000001   Data   RW         2356    .data               sd_diskio.o
    0x20000042   0x08003ff2   0x00000002   PAD
    0x20000044   0x08003ff4   0x00000008   Data   RW         2530    .data               ff.o
    0x2000004c   0x08003ffc   0x00000004   Data   RW         3157    .data               mc_w.l(stdout.o)
    0x20000050        -       0x00000020   Zero   RW         1272    .bss                stm32f4xx_hal_flash.o
    0x20000070        -       0x000000d8   Zero   RW         2086    .bss                main.o
    0x20000148        -       0x00000230   Zero   RW         2313    .bss                fatfs.o
    0x20000378        -       0x00000230   Zero   RW         2314    .bss                fatfs.o
    0x200005a8        -       0x00000020   Zero   RW         2528    .bss                ff.o
    0x200005c8        -       0x0000000c   Zero   RW         2811    .bss                ff_gen_drv.o
    0x200005d4   0x08004000   0x00000004   PAD
    0x200005d8        -       0x00000400   Zero   RW         2406    STACK               startup_stm32f429xx.o


==============================================================================

Image component sizes


      Code (inc. data)   RO Data    RW Data    ZI Data      Debug   Object Name

       152         24          0          0          0       4046   bsp_driver_sd.o
       148         22          0          0          0       4501   diskio.o
        32         10          0          5       1120       1820   fatfs.o
      4862         80        156          8         32      44270   ff.o
        70          6          0          0         12       1991   ff_gen_drv.o
      1348        288          0         44        216      15675   main.o
       224         14         20          1          0       5084   sd_diskio.o
        36          8        428          0       1024        892   startup_stm32f429xx.o
       174         28          0         12          0       6011   stm32f4xx_hal.o
       172         14          0          0          0      30358   stm32f4xx_hal_cortex.o
       536         66          0          0         32       7898   stm32f4xx_hal_flash.o
       388         24          0          0          0       4974   stm32f4xx_hal_flash_ex.o
       470         52          0          0          0       2815   stm32f4xx_hal_gpio.o
       116         10          0          0          0       1171   stm32f4xx_hal_msp.o
       112         14          0          0          0       1532   stm32f4xx_hal_pwr_ex.o
      1260         76          0          0          0       5868   stm32f4xx_hal_rcc.o
      2418          4          0          0          0      15433   stm32f4xx_hal_sd.o
      1068          8          0          0          0       4732   stm32f4xx_hal_uart.o
        20          0          0          0          0       6986   stm32f4xx_it.o
      1630         42          0          0          0      26283   stm32f4xx_ll_sdmmc.o
         0          0          0          0          0     749920   stm32f4xx_nucleo_144.o
        84         18         24          4          0       1439   system_stm32f4xx.o

    ----------------------------------------------------------------------
     15346        808        662         76       2440     943699   Object Totals
         0          0         32          0          0          0   (incl. Generated)
        26          0          2          2          4          0   (incl. Padding)

    ----------------------------------------------------------------------

      Code (inc. data)   RO Data    RW Data    ZI Data      Debug   Library Member Name

         0          0          0          0          0          0   entry.o
         0          0          0          0          0          0   entry10a.o
         0          0          0          0          0          0   entry11a.o
         8          4          0          0          0          0   entry2.o
         4          0          0          0          0          0   entry5.o
         0          0          0          0          0          0   entry7b.o
         0          0          0          0          0          0   entry8b.o
         8          4          0          0          0          0   entry9a.o
        30          0          0          0          0          0   handlers.o
        36          8          0          0          0         68   init.o
        30          0          0          0          0         68   llshl.o
        32          0          0          0          0         68   llushr.o
        50          8          0          0          0        152   printfb.o
         0          0          0          4          0          0   stdout.o
        98          0          0          0          0         92   uldiv.o

    ----------------------------------------------------------------------
       296         24          0          4          0        448   Library Totals
         0          0          0          0          0          0   (incl. Padding)

    ----------------------------------------------------------------------

      Code (inc. data)   RO Data    RW Data    ZI Data      Debug   Library Name

       296         24          0          4          0        448   mc_w.l

    ----------------------------------------------------------------------
       296         24          0          4          0        448   Library Totals

    ----------------------------------------------------------------------

==============================================================================


      Code (inc. data)   RO Data    RW Data    ZI Data      Debug   

     15642        832        662         80       2440     929795   Grand Totals
     15642        832        662         80       2440     929795   ELF Image Totals
     15642        832        662         80          0          0   ROM Totals

==============================================================================

    Total RO  Size (Code + RO Data)                16304 (  15.92kB)
    Total RW  Size (RW Data + ZI Data)              2520 (   2.46kB)
    Total ROM Size (Code + RO Data + RW Data)      16384 (  16.00kB)

==============================================================================

